Archive member included to satisfy reference by file (symbol)

c:/program files (x86)/atollic/truestudio for stm32 9.3.0/armtools/bin/../lib/gcc/arm-atollic-eabi/6.3.1/../../../../arm-atollic-eabi/lib/armv7e-m/fpu\libc_nano.a(lib_a-errno.o)
                              Core\Src\syscalls.o (__errno)
c:/program files (x86)/atollic/truestudio for stm32 9.3.0/armtools/bin/../lib/gcc/arm-atollic-eabi/6.3.1/../../../../arm-atollic-eabi/lib/armv7e-m/fpu\libc_nano.a(lib_a-impure.o)
                              c:/program files (x86)/atollic/truestudio for stm32 9.3.0/armtools/bin/../lib/gcc/arm-atollic-eabi/6.3.1/../../../../arm-atollic-eabi/lib/armv7e-m/fpu\libc_nano.a(lib_a-errno.o) (_impure_ptr)
c:/program files (x86)/atollic/truestudio for stm32 9.3.0/armtools/bin/../lib/gcc/arm-atollic-eabi/6.3.1/../../../../arm-atollic-eabi/lib/armv7e-m/fpu\libc_nano.a(lib_a-init.o)
                              startup\startup_stm32f446xx.o (__libc_init_array)
c:/program files (x86)/atollic/truestudio for stm32 9.3.0/armtools/bin/../lib/gcc/arm-atollic-eabi/6.3.1/../../../../arm-atollic-eabi/lib/armv7e-m/fpu\libc_nano.a(lib_a-memset.o)
                              Core\Src\main.o (memset)
c:/program files (x86)/atollic/truestudio for stm32 9.3.0/armtools/bin/../lib/gcc/arm-atollic-eabi/6.3.1/armv7e-m/fpu\libgcc.a(_aeabi_uldivmod.o)
                              Drivers\STM32F4xx_HAL_Driver\Src\stm32f4xx_hal_rcc.o (__aeabi_uldivmod)
c:/program files (x86)/atollic/truestudio for stm32 9.3.0/armtools/bin/../lib/gcc/arm-atollic-eabi/6.3.1/armv7e-m/fpu\libgcc.a(_udivmoddi4.o)
                              c:/program files (x86)/atollic/truestudio for stm32 9.3.0/armtools/bin/../lib/gcc/arm-atollic-eabi/6.3.1/armv7e-m/fpu\libgcc.a(_aeabi_uldivmod.o) (__udivmoddi4)
c:/program files (x86)/atollic/truestudio for stm32 9.3.0/armtools/bin/../lib/gcc/arm-atollic-eabi/6.3.1/armv7e-m/fpu\libgcc.a(_dvmd_tls.o)
                              c:/program files (x86)/atollic/truestudio for stm32 9.3.0/armtools/bin/../lib/gcc/arm-atollic-eabi/6.3.1/armv7e-m/fpu\libgcc.a(_aeabi_uldivmod.o) (__aeabi_ldiv0)

Allocating common symbols
Common symbol       size              file

htim4               0x40              Core\Src\tim.o
uwTick              0x4               Drivers\STM32F4xx_HAL_Driver\Src\stm32f4xx_hal.o
pFlash              0x20              Drivers\STM32F4xx_HAL_Driver\Src\stm32f4xx_hal_flash.o
htim1               0x40              Core\Src\tim.o

Discarded input sections

 .text          0x00000000        0x0 c:/program files (x86)/atollic/truestudio for stm32 9.3.0/armtools/bin/../lib/gcc/arm-atollic-eabi/6.3.1/armv7e-m/fpu/crti.o
 .data          0x00000000        0x0 c:/program files (x86)/atollic/truestudio for stm32 9.3.0/armtools/bin/../lib/gcc/arm-atollic-eabi/6.3.1/armv7e-m/fpu/crti.o
 .bss           0x00000000        0x0 c:/program files (x86)/atollic/truestudio for stm32 9.3.0/armtools/bin/../lib/gcc/arm-atollic-eabi/6.3.1/armv7e-m/fpu/crti.o
 .data          0x00000000        0x4 c:/program files (x86)/atollic/truestudio for stm32 9.3.0/armtools/bin/../lib/gcc/arm-atollic-eabi/6.3.1/armv7e-m/fpu/crtbegin.o
 .text          0x00000000        0x0 Core\Src\gpio.o
 .data          0x00000000        0x0 Core\Src\gpio.o
 .bss           0x00000000        0x0 Core\Src\gpio.o
 .text          0x00000000        0x0 Core\Src\main.o
 .data          0x00000000        0x0 Core\Src\main.o
 .bss           0x00000000        0x0 Core\Src\main.o
 .text          0x00000000        0x0 Core\Src\stm32f4xx_hal_msp.o
 .data          0x00000000        0x0 Core\Src\stm32f4xx_hal_msp.o
 .bss           0x00000000        0x0 Core\Src\stm32f4xx_hal_msp.o
 .text          0x00000000        0x0 Core\Src\stm32f4xx_it.o
 .data          0x00000000        0x0 Core\Src\stm32f4xx_it.o
 .bss           0x00000000        0x0 Core\Src\stm32f4xx_it.o
 .text          0x00000000        0x0 Core\Src\syscalls.o
 .data          0x00000000        0x0 Core\Src\syscalls.o
 .bss           0x00000000        0x0 Core\Src\syscalls.o
 .bss.__env     0x00000000        0x4 Core\Src\syscalls.o
 .data.environ  0x00000000        0x4 Core\Src\syscalls.o
 .text.initialise_monitor_handles
                0x00000000        0xe Core\Src\syscalls.o
 .text._getpid  0x00000000       0x10 Core\Src\syscalls.o
 .text._kill    0x00000000       0x20 Core\Src\syscalls.o
 .text._exit    0x00000000       0x14 Core\Src\syscalls.o
 .text._read    0x00000000       0x3a Core\Src\syscalls.o
 .text._write   0x00000000       0x38 Core\Src\syscalls.o
 .bss.heap_end.7010
                0x00000000        0x4 Core\Src\syscalls.o
 .text._sbrk    0x00000000       0x58 Core\Src\syscalls.o
 .text._close   0x00000000       0x18 Core\Src\syscalls.o
 .text._fstat   0x00000000       0x20 Core\Src\syscalls.o
 .text._isatty  0x00000000       0x16 Core\Src\syscalls.o
 .text._lseek   0x00000000       0x1a Core\Src\syscalls.o
 .text._open    0x00000000       0x1c Core\Src\syscalls.o
[...]
Memory Configuration

Name             Origin             Length             Attributes
RAM              0x20000000         0x00020000         xrw
FLASH            0x08000000         0x00080000         xr
*default*        0x00000000         0xffffffff

Linker script and memory map

LOAD c:/program files (x86)/atollic/truestudio for stm32 9.3.0/armtools/bin/../lib/gcc/arm-atollic-eabi/6.3.1/armv7e-m/fpu/crti.o
LOAD c:/program files (x86)/atollic/truestudio for stm32 9.3.0/armtools/bin/../lib/gcc/arm-atollic-eabi/6.3.1/armv7e-m/fpu/crtbegin.o
LOAD Core\Src\gpio.o
LOAD Core\Src\main.o
LOAD Core\Src\stm32f4xx_hal_msp.o
LOAD Core\Src\stm32f4xx_it.o
LOAD Core\Src\syscalls.o
LOAD Core\Src\system_stm32f4xx.o
LOAD Core\Src\tim.o
LOAD Drivers\STM32F4xx_HAL_Driver\Src\stm32f4xx_hal.o
LOAD Drivers\STM32F4xx_HAL_Driver\Src\stm32f4xx_hal_cortex.o
LOAD Drivers\STM32F4xx_HAL_Driver\Src\stm32f4xx_hal_dma.o
LOAD Drivers\STM32F4xx_HAL_Driver\Src\stm32f4xx_hal_dma_ex.o
LOAD Drivers\STM32F4xx_HAL_Driver\Src\stm32f4xx_hal_exti.o
LOAD Drivers\STM32F4xx_HAL_Driver\Src\stm32f4xx_hal_flash.o
LOAD Drivers\STM32F4xx_HAL_Driver\Src\stm32f4xx_hal_flash_ex.o
LOAD Drivers\STM32F4xx_HAL_Driver\Src\stm32f4xx_hal_flash_ramfunc.o
LOAD Drivers\STM32F4xx_HAL_Driver\Src\stm32f4xx_hal_gpio.o
LOAD Drivers\STM32F4xx_HAL_Driver\Src\stm32f4xx_hal_pwr.o
LOAD Drivers\STM32F4xx_HAL_Driver\Src\stm32f4xx_hal_pwr_ex.o
LOAD Drivers\STM32F4xx_HAL_Driver\Src\stm32f4xx_hal_rcc.o
LOAD Drivers\STM32F4xx_HAL_Driver\Src\stm32f4xx_hal_rcc_ex.o
LOAD Drivers\STM32F4xx_HAL_Driver\Src\stm32f4xx_hal_tim.o
LOAD Drivers\STM32F4xx_HAL_Driver\Src\stm32f4xx_hal_tim_ex.o
LOAD startup\startup_stm32f446xx.o
                0x00000080                malloc_getpagesize_P = 0x80
START GROUP
LOAD c:/program files (x86)/atollic/truestudio for stm32 9.3.0/armtools/bin/../lib/gcc/arm-atollic-eabi/6.3.1/../../../../arm-atollic-eabi/lib/armv7e-m/fpu\libc_nano.a
LOAD c:/program files (x86)/atollic/truestudio for stm32 9.3.0/armtools/bin/../lib/gcc/arm-atollic-eabi/6.3.1/../../../../arm-atollic-eabi/lib/armv7e-m/fpu\libm.a
END GROUP
START GROUP
LOAD c:/program files (x86)/atollic/truestudio for stm32 9.3.0/armtools/bin/../lib/gcc/arm-atollic-eabi/6.3.1/armv7e-m/fpu\libgcc.a
LOAD c:/program files (x86)/atollic/truestudio for stm32 9.3.0/armtools/bin/../lib/gcc/arm-atollic-eabi/6.3.1/../../../../arm-atollic-eabi/lib/armv7e-m/fpu\libc_nano.a
END GROUP
START GROUP
LOAD c:/program files (x86)/atollic/truestudio for stm32 9.3.0/armtools/bin/../lib/gcc/arm-atollic-eabi/6.3.1/armv7e-m/fpu\libgcc.a
LOAD c:/program files (x86)/atollic/truestudio for stm32 9.3.0/armtools/bin/../lib/gcc/arm-atollic-eabi/6.3.1/../../../../arm-atollic-eabi/lib/armv7e-m/fpu\libc_nano.a
LOAD c:/program files (x86)/atollic/truestudio for stm32 9.3.0/armtools/bin/../lib/gcc/arm-atollic-eabi/6.3.1/../../../../arm-atollic-eabi/lib/armv7e-m/fpu\libnosys.a
END GROUP
START GROUP
LOAD c:/program files (x86)/atollic/truestudio for stm32 9.3.0/armtools/bin/../lib/gcc/arm-atollic-eabi/6.3.1/armv7e-m/fpu\libgcc.a
LOAD c:/program files (x86)/atollic/truestudio for stm32 9.3.0/armtools/bin/../lib/gcc/arm-atollic-eabi/6.3.1/../../../../arm-atollic-eabi/lib/armv7e-m/fpu\libc_nano.a
LOAD c:/program files (x86)/atollic/truestudio for stm32 9.3.0/armtools/bin/../lib/gcc/arm-atollic-eabi/6.3.1/../../../../arm-atollic-eabi/lib/armv7e-m/fpu\libnosys.a
END GROUP
LOAD c:/program files (x86)/atollic/truestudio for stm32 9.3.0/armtools/bin/../lib/gcc/arm-atollic-eabi/6.3.1/armv7e-m/fpu/crtend.o
LOAD c:/program files (x86)/atollic/truestudio for stm32 9.3.0/armtools/bin/../lib/gcc/arm-atollic-eabi/6.3.1/armv7e-m/fpu/crtn.o
                0x20020000                _estack = 0x20020000
                0x00000200                _Min_Heap_Size = 0x200
                0x00000400                _Min_Stack_Size = 0x400

.isr_vector     0x08000000      0x1c4
                0x08000000                . = ALIGN (0x4)
 *(.isr_vector)
 .isr_vector    0x08000000      0x1c4 startup\startup_stm32f446xx.o
                0x08000000                g_pfnVectors
                0x080001c4                . = ALIGN (0x4)

.text           0x080001c4     0x2eb8
                0x080001c4                . = ALIGN (0x4)
 *(.text)
 .text          0x080001c4       0x40 c:/program files (x86)/atollic/truestudio for stm32 9.3.0/armtools/bin/../lib/gcc/arm-atollic-eabi/6.3.1/armv7e-m/fpu/crtbegin.o
 .text          0x08000204       0x30 c:/program files (x86)/atollic/truestudio for stm32 9.3.0/armtools/bin/../lib/gcc/arm-atollic-eabi/6.3.1/armv7e-m/fpu\libgcc.a(_aeabi_uldivmod.o)
                0x08000204                __aeabi_uldivmod
 .text          0x08000234      0x2dc c:/program files (x86)/atollic/truestudio for stm32 9.3.0/armtools/bin/../lib/gcc/arm-atollic-eabi/6.3.1/armv7e-m/fpu\libgcc.a(_udivmoddi4.o)
                0x08000234                __udivmoddi4
 .text          0x08000510        0x4 c:/program files (x86)/atollic/truestudio for stm32 9.3.0/armtools/bin/../lib/gcc/arm-atollic-eabi/6.3.1/armv7e-m/fpu\libgcc.a(_dvmd_tls.o)
                0x08000510                __aeabi_idiv0
                0x08000510                __aeabi_ldiv0
 *(.text*)
 .text.MX_GPIO_Init
                0x08000514      0x118 Core\Src\gpio.o
                0x08000514                MX_GPIO_Init
 .text.main     0x0800062c      0x104 Core\Src\main.o
                0x0800062c                main
 .text.SystemClock_Config
                0x08000730       0xd8 Core\Src\main.o
                0x08000730                SystemClock_Config
 .text.Measure_Distance
                0x08000808      0x1b8 Core\Src\main.o
                0x08000808                Measure_Distance
 .text.HAL_TIM_PeriodElapsedCallback
                0x080009c0       0x38 Core\Src\main.o
                0x080009c0                HAL_TIM_PeriodElapsedCallback
 .text.write_handler
                0x080009f8      0x22c Core\Src\main.o
                0x080009f8                write_handler
 .text.HAL_TIM_IC_CaptureCallback
                0x08000c24       0x78 Core\Src\main.o
                0x08000c24                HAL_TIM_IC_CaptureCallback
 .text.Error_Handler
                0x08000c9c        0x8 Core\Src\main.o
                0x08000c9c                Error_Handler
 .text.HAL_MspInit
                0x08000ca4       0x50 Core\Src\stm32f4xx_hal_msp.o
                0x08000ca4                HAL_MspInit
 .text.NMI_Handler
                0x08000cf4        0x6 Core\Src\stm32f4xx_it.o
                0x08000cf4                NMI_Handler
 .text.HardFault_Handler
                0x08000cfa        0x6 Core\Src\stm32f4xx_it.o
                0x08000cfa                HardFault_Handler
 .text.MemManage_Handler
                0x08000d00        0x6 Core\Src\stm32f4xx_it.o
                0x08000d00                MemManage_Handler
 .text.BusFault_Handler
                0x08000d06        0x6 Core\Src\stm32f4xx_it.o
                0x08000d06                BusFault_Handler
 .text.UsageFault_Handler
                0x08000d0c        0x6 Core\Src\stm32f4xx_it.o
                0x08000d0c                UsageFault_Handler
 .text.SVC_Handler
                0x08000d12        0xe Core\Src\stm32f4xx_it.o
                0x08000d12                SVC_Handler
 .text.DebugMon_Handler
                0x08000d20        0xe Core\Src\stm32f4xx_it.o
                0x08000d20                DebugMon_Handler
 .text.PendSV_Handler
                0x08000d2e        0xe Core\Src\stm32f4xx_it.o
                0x08000d2e                PendSV_Handler
 .text.SysTick_Handler
                0x08000d3c        0xc Core\Src\stm32f4xx_it.o
                0x08000d3c                SysTick_Handler
 .text.TIM1_BRK_TIM9_IRQHandler
                0x08000d48       0x14 Core\Src\stm32f4xx_it.o
                0x08000d48                TIM1_BRK_TIM9_IRQHandler
 .text.TIM1_UP_TIM10_IRQHandler
                0x08000d5c       0x14 Core\Src\stm32f4xx_it.o
                0x08000d5c                TIM1_UP_TIM10_IRQHandler
 .text.TIM1_TRG_COM_TIM11_IRQHandler
                0x08000d70       0x14 Core\Src\stm32f4xx_it.o
                0x08000d70                TIM1_TRG_COM_TIM11_IRQHandler
 .text.TIM1_CC_IRQHandler
                0x08000d84       0x14 Core\Src\stm32f4xx_it.o
                0x08000d84                TIM1_CC_IRQHandler
 .text.TIM4_IRQHandler
                0x08000d98       0x14 Core\Src\stm32f4xx_it.o
                0x08000d98                TIM4_IRQHandler
 .text.SystemInit
                0x08000dac       0x2c Core\Src\system_stm32f4xx.o
                0x08000dac                SystemInit
 .text.MX_TIM1_Init
                0x08000dd8       0xa0 Core\Src\tim.o
                0x08000dd8                MX_TIM1_Init
 .text.MX_TIM4_Init
                0x08000e78       0xe8 Core\Src\tim.o
                0x08000e78                MX_TIM4_Init
 .text.HAL_TIM_Base_MspInit
                0x08000f60       0x80 Core\Src\tim.o
                0x08000f60                HAL_TIM_Base_MspInit
 .text.HAL_TIM_IC_MspInit
                0x08000fe0       0xa0 Core\Src\tim.o
                0x08000fe0                HAL_TIM_IC_MspInit
 .text.HAL_Init
                0x08001080       0x44 Drivers\STM32F4xx_HAL_Driver\Src\stm32f4xx_hal.o
                0x08001080                HAL_Init
 .text.HAL_InitTick
                0x080010c4       0x60 Drivers\STM32F4xx_HAL_Driver\Src\stm32f4xx_hal.o
                0x080010c4                HAL_InitTick
 .text.HAL_IncTick
                0x08001124       0x28 Drivers\STM32F4xx_HAL_Driver\Src\stm32f4xx_hal.o
                0x08001124                HAL_IncTick
 .text.HAL_GetTick
                0x0800114c       0x18 Drivers\STM32F4xx_HAL_Driver\Src\stm32f4xx_hal.o
                0x0800114c                HAL_GetTick
 .text.HAL_Delay
                0x08001164       0x44 Drivers\STM32F4xx_HAL_Driver\Src\stm32f4xx_hal.o
                0x08001164                HAL_Delay
 .text.__NVIC_SetPriorityGrouping
                0x080011a8       0x48 Drivers\STM32F4xx_HAL_Driver\Src\stm32f4xx_hal_cortex.o
 .text.__NVIC_GetPriorityGrouping
                0x080011f0       0x1c Drivers\STM32F4xx_HAL_Driver\Src\stm32f4xx_hal_cortex.o
 .text.__NVIC_EnableIRQ
                0x0800120c       0x3c Drivers\STM32F4xx_HAL_Driver\Src\stm32f4xx_hal_cortex.o
 .text.__NVIC_SetPriority
                0x08001248       0x54 Drivers\STM32F4xx_HAL_Driver\Src\stm32f4xx_hal_cortex.o
 .text.NVIC_EncodePriority
                0x0800129c       0x62 Drivers\STM32F4xx_HAL_Driver\Src\stm32f4xx_hal_cortex.o
 *fill*         0x080012fe        0x2 
 .text.SysTick_Config
                0x08001300       0x44 Drivers\STM32F4xx_HAL_Driver\Src\stm32f4xx_hal_cortex.o
 .text.HAL_NVIC_SetPriorityGrouping
                0x08001344       0x16 Drivers\STM32F4xx_HAL_Driver\Src\stm32f4xx_hal_cortex.o
                0x08001344                HAL_NVIC_SetPriorityGrouping
 .text.HAL_NVIC_SetPriority
                0x0800135a       0x38 Drivers\STM32F4xx_HAL_Driver\Src\stm32f4xx_hal_cortex.o
                0x0800135a                HAL_NVIC_SetPriority
 .text.HAL_NVIC_EnableIRQ
                0x08001392       0x1c Drivers\STM32F4xx_HAL_Driver\Src\stm32f4xx_hal_cortex.o
                0x08001392                HAL_NVIC_EnableIRQ
 .text.HAL_SYSTICK_Config
                0x080013ae       0x18 Drivers\STM32F4xx_HAL_Driver\Src\stm32f4xx_hal_cortex.o
                0x080013ae                HAL_SYSTICK_Config
 *fill*         0x080013c6        0x2 
 .text.HAL_GPIO_Init
                0x080013c8      0x324 Drivers\STM32F4xx_HAL_Driver\Src\stm32f4xx_hal_gpio.o
                0x080013c8                HAL_GPIO_Init
 .text.HAL_GPIO_WritePin
                0x080016ec       0x32 Drivers\STM32F4xx_HAL_Driver\Src\stm32f4xx_hal_gpio.o
                0x080016ec                HAL_GPIO_WritePin
 *fill*         0x0800171e        0x2 
 .text.HAL_RCC_ClockConfig
                0x08001720      0x1cc Drivers\STM32F4xx_HAL_Driver\Src\stm32f4xx_hal_rcc.o
                0x08001720                HAL_RCC_ClockConfig
 .text.HAL_RCC_GetSysClockFreq
                0x080018ec      0x36c Drivers\STM32F4xx_HAL_Driver\Src\stm32f4xx_hal_rcc_ex.o
                0x080018ec                HAL_RCC_GetSysClockFreq
 .text.HAL_RCC_OscConfig
                0x08001c58      0x4b4 Drivers\STM32F4xx_HAL_Driver\Src\stm32f4xx_hal_rcc_ex.o
                0x08001c58                HAL_RCC_OscConfig
 .text.HAL_TIM_Base_Init
                0x0800210c       0x56 Drivers\STM32F4xx_HAL_Driver\Src\stm32f4xx_hal_tim.o
                0x0800210c                HAL_TIM_Base_Init
 .text.HAL_TIM_Base_Start_IT
                0x08002162       0x48 Drivers\STM32F4xx_HAL_Driver\Src\stm32f4xx_hal_tim.o
                0x08002162                HAL_TIM_Base_Start_IT
 .text.HAL_TIM_Base_Stop_IT
                0x080021aa       0x56 Drivers\STM32F4xx_HAL_Driver\Src\stm32f4xx_hal_tim.o
                0x080021aa                HAL_TIM_Base_Stop_IT
 .text.HAL_TIM_IC_Init
                0x08002200       0x56 Drivers\STM32F4xx_HAL_Driver\Src\stm32f4xx_hal_tim.o
                0x08002200                HAL_TIM_IC_Init
 *fill*         0x08002256        0x2 
 .text.HAL_TIM_IC_Start_IT
                0x08002258       0xd0 Drivers\STM32F4xx_HAL_Driver\Src\stm32f4xx_hal_tim.o
                0x08002258                HAL_TIM_IC_Start_IT
 .text.HAL_TIM_IC_Stop_IT
                0x08002328       0xe0 Drivers\STM32F4xx_HAL_Driver\Src\stm32f4xx_hal_tim.o
                0x08002328                HAL_TIM_IC_Stop_IT
 .text.HAL_TIM_IRQHandler
                0x08002408      0x210 Drivers\STM32F4xx_HAL_Driver\Src\stm32f4xx_hal_tim.o
                0x08002408                HAL_TIM_IRQHandler
 .text.HAL_TIM_IC_ConfigChannel
                0x08002618      0x138 Drivers\STM32F4xx_HAL_Driver\Src\stm32f4xx_hal_tim.o
                0x08002618                HAL_TIM_IC_ConfigChannel
 .text.HAL_TIM_ConfigClockSource
                0x08002750      0x16e Drivers\STM32F4xx_HAL_Driver\Src\stm32f4xx_hal_tim.o
                0x08002750                HAL_TIM_ConfigClockSource
 *fill*         0x080028be        0x2 
 .text.HAL_TIM_ReadCapturedValue
                0x080028c0       0x88 Drivers\STM32F4xx_HAL_Driver\Src\stm32f4xx_hal_tim.o
                0x080028c0                HAL_TIM_ReadCapturedValue
 .text.HAL_TIM_OC_DelayElapsedCallback
                0x08002948       0x14 Drivers\STM32F4xx_HAL_Driver\Src\stm32f4xx_hal_tim.o
                0x08002948                HAL_TIM_OC_DelayElapsedCallback
 .text.HAL_TIM_PWM_PulseFinishedCallback
                0x0800295c       0x14 Drivers\STM32F4xx_HAL_Driver\Src\stm32f4xx_hal_tim.o
                0x0800295c                HAL_TIM_PWM_PulseFinishedCallback
 .text.HAL_TIM_TriggerCallback
                0x08002970       0x14 Drivers\STM32F4xx_HAL_Driver\Src\stm32f4xx_hal_tim.o
                0x08002970                HAL_TIM_TriggerCallback
 .text.TIM_Base_SetConfig
                0x08002984      0x140 Drivers\STM32F4xx_HAL_Driver\Src\stm32f4xx_hal_tim.o
                0x08002984                TIM_Base_SetConfig
 .text.TIM_TI1_SetConfig
                0x08002ac4       0xe8 Drivers\STM32F4xx_HAL_Driver\Src\stm32f4xx_hal_tim.o
                0x08002ac4                TIM_TI1_SetConfig
 .text.TIM_TI1_ConfigInputStage
                0x08002bac       0x5e Drivers\STM32F4xx_HAL_Driver\Src\stm32f4xx_hal_tim.o
 .text.TIM_TI2_SetConfig
                0x08002c0a       0x7a Drivers\STM32F4xx_HAL_Driver\Src\stm32f4xx_hal_tim.o
 .text.TIM_TI2_ConfigInputStage
                0x08002c84       0x60 Drivers\STM32F4xx_HAL_Driver\Src\stm32f4xx_hal_tim.o
 .text.TIM_TI3_SetConfig
                0x08002ce4       0x78 Drivers\STM32F4xx_HAL_Driver\Src\stm32f4xx_hal_tim.o
 .text.TIM_TI4_SetConfig
                0x08002d5c       0x7a Drivers\STM32F4xx_HAL_Driver\Src\stm32f4xx_hal_tim.o
 .text.TIM_ITRx_SetConfig
                0x08002dd6       0x36 Drivers\STM32F4xx_HAL_Driver\Src\stm32f4xx_hal_tim.o
 .text.TIM_ETR_SetConfig
                0x08002e0c       0x40 Drivers\STM32F4xx_HAL_Driver\Src\stm32f4xx_hal_tim.o
                0x08002e0c                TIM_ETR_SetConfig
 .text.TIM_CCxChannelCmd
                0x08002e4c       0x4a Drivers\STM32F4xx_HAL_Driver\Src\stm32f4xx_hal_tim.o
                0x08002e4c                TIM_CCxChannelCmd
 *fill*         0x08002e96        0x2 
 .text.HAL_TIMEx_MasterConfigSynchronization
                0x08002e98       0xf8 Drivers\STM32F4xx_HAL_Driver\Src\stm32f4xx_hal_tim_ex.o
                0x08002e98                HAL_TIMEx_MasterConfigSynchronization
 .text.HAL_TIMEx_CommutCallback
                0x08002f90       0x14 Drivers\STM32F4xx_HAL_Driver\Src\stm32f4xx_hal_tim_ex.o
                0x08002f90                HAL_TIMEx_CommutCallback
 .text.HAL_TIMEx_BreakCallback
                0x08002fa4       0x14 Drivers\STM32F4xx_HAL_Driver\Src\stm32f4xx_hal_tim_ex.o
                0x08002fa4                HAL_TIMEx_BreakCallback
 .text.Reset_Handler
                0x08002fb8       0x50 startup\startup_stm32f446xx.o
                0x08002fb8                Reset_Handler
 .text.Default_Handler
                0x08003008        0x2 startup\startup_stm32f446xx.o
                0x08003008                RTC_Alarm_IRQHandler
                0x08003008                EXTI2_IRQHandler
                0x08003008                TIM8_CC_IRQHandler
                0x08003008                FMPI2C1_EV_IRQHandler
                0x08003008                SPI4_IRQHandler
                0x08003008                DMA2_Stream5_IRQHandler
                0x08003008                DMA1_Stream5_IRQHandler
                0x08003008                PVD_IRQHandler
                0x08003008                SDIO_IRQHandler
                0x08003008                TAMP_STAMP_IRQHandler
                0x08003008                CAN2_RX1_IRQHandler
                0x08003008                EXTI3_IRQHandler
                0x08003008                TIM8_TRG_COM_TIM14_IRQHandler
                0x08003008                TIM8_UP_TIM13_IRQHandler
                0x08003008                I2C3_ER_IRQHandler
                0x08003008                EXTI0_IRQHandler
                0x08003008                I2C2_EV_IRQHandler
                0x08003008                DMA1_Stream2_IRQHandler
                0x08003008                CAN1_RX0_IRQHandler
                0x08003008                FPU_IRQHandler
                0x08003008                OTG_HS_WKUP_IRQHandler
                0x08003008                CAN2_SCE_IRQHandler
                0x08003008                DMA2_Stream2_IRQHandler
                0x08003008                SPI1_IRQHandler
                0x08003008                TIM6_DAC_IRQHandler
                0x08003008                DCMI_IRQHandler
                0x08003008                CAN2_RX0_IRQHandler
                0x08003008                DMA2_Stream3_IRQHandler
                0x08003008                SAI2_IRQHandler
                0x08003008                USART6_IRQHandler
                0x08003008                USART3_IRQHandler
                0x08003008                CAN1_RX1_IRQHandler
                0x08003008                UART5_IRQHandler
                0x08003008                DMA2_Stream0_IRQHandler
                0x08003008                QUADSPI_IRQHandler
                0x08003008                I2C1_EV_IRQHandler
                0x08003008                DMA1_Stream6_IRQHandler
                0x08003008                DMA1_Stream1_IRQHandler
                0x08003008                UART4_IRQHandler
                0x08003008                TIM3_IRQHandler
                0x08003008                RCC_IRQHandler
                0x08003008                TIM8_BRK_TIM12_IRQHandler
                0x08003008                Default_Handler
                0x08003008                CEC_IRQHandler
                0x08003008                EXTI15_10_IRQHandler
                0x08003008                ADC_IRQHandler
                0x08003008                DMA1_Stream7_IRQHandler
                0x08003008                TIM7_IRQHandler
                0x08003008                CAN2_TX_IRQHandler
                0x08003008                TIM5_IRQHandler
                0x08003008                DMA2_Stream7_IRQHandler
                0x08003008                I2C3_EV_IRQHandler
                0x08003008                EXTI9_5_IRQHandler
                0x08003008                RTC_WKUP_IRQHandler
                0x08003008                SPDIF_RX_IRQHandler
                0x08003008                SPI2_IRQHandler
                0x08003008                OTG_HS_EP1_IN_IRQHandler
                0x08003008                DMA1_Stream0_IRQHandler
                0x08003008                CAN1_TX_IRQHandler
                0x08003008                FMPI2C1_ER_IRQHandler
                0x08003008                EXTI4_IRQHandler
                0x08003008                OTG_HS_EP1_OUT_IRQHandler
                0x08003008                WWDG_IRQHandler
                0x08003008                TIM2_IRQHandler
                0x08003008                OTG_FS_WKUP_IRQHandler
                0x08003008                OTG_HS_IRQHandler
                0x08003008                EXTI1_IRQHandler
                0x08003008                USART2_IRQHandler
                0x08003008                I2C2_ER_IRQHandler
                0x08003008                DMA2_Stream1_IRQHandler
                0x08003008                CAN1_SCE_IRQHandler
                0x08003008                FLASH_IRQHandler
                0x08003008                DMA2_Stream4_IRQHandler
                0x08003008                USART1_IRQHandler
                0x08003008                OTG_FS_IRQHandler
                0x08003008                SPI3_IRQHandler
                0x08003008                DMA1_Stream4_IRQHandler
                0x08003008                I2C1_ER_IRQHandler
                0x08003008                FMC_IRQHandler
                0x08003008                DMA2_Stream6_IRQHandler
                0x08003008                SAI1_IRQHandler
                0x08003008                DMA1_Stream3_IRQHandler
 *fill*         0x0800300a        0x2 
 .text.__libc_init_array
                0x0800300c       0x48 c:/program files (x86)/atollic/truestudio for stm32 9.3.0/armtools/bin/../lib/gcc/arm-atollic-eabi/6.3.1/../../../../arm-atollic-eabi/lib/armv7e-m/fpu\libc_nano.a(lib_a-init.o)
                0x0800300c                __libc_init_array
 .text.memset   0x08003054       0x10 c:/program files (x86)/atollic/truestudio for stm32 9.3.0/armtools/bin/../lib/gcc/arm-atollic-eabi/6.3.1/../../../../arm-atollic-eabi/lib/armv7e-m/fpu\libc_nano.a(lib_a-memset.o)
                0x08003054                memset
 *(.glue_7)
 .glue_7        0x08003064        0x0 linker stubs
 *(.glue_7t)
 .glue_7t       0x08003064        0x0 linker stubs
 *(.eh_frame)
 .eh_frame      0x08003064        0x0 c:/program files (x86)/atollic/truestudio for stm32 9.3.0/armtools/bin/../lib/gcc/arm-atollic-eabi/6.3.1/armv7e-m/fpu/crtbegin.o
 *(.init)
 .init          0x08003064        0x4 c:/program files (x86)/atollic/truestudio for stm32 9.3.0/armtools/bin/../lib/gcc/arm-atollic-eabi/6.3.1/armv7e-m/fpu/crti.o
                0x08003064                _init
 .init          0x08003068        0x8 c:/program files (x86)/atollic/truestudio for stm32 9.3.0/armtools/bin/../lib/gcc/arm-atollic-eabi/6.3.1/armv7e-m/fpu/crtn.o
 *(.fini)
 .fini          0x08003070        0x4 c:/program files (x86)/atollic/truestudio for stm32 9.3.0/armtools/bin/../lib/gcc/arm-atollic-eabi/6.3.1/armv7e-m/fpu/crti.o
                0x08003070                _fini
 .fini          0x08003074        0x8 c:/program files (x86)/atollic/truestudio for stm32 9.3.0/armtools/bin/../lib/gcc/arm-atollic-eabi/6.3.1/armv7e-m/fpu/crtn.o
                0x0800307c                . = ALIGN (0x4)
                0x0800307c                _etext = .

.vfp11_veneer   0x0800307c        0x0
 .vfp11_veneer  0x0800307c        0x0 linker stubs

.v4_bx          0x0800307c        0x0
 .v4_bx         0x0800307c        0x0 linker stubs

.iplt           0x0800307c        0x0
 .iplt          0x0800307c        0x0 c:/program files (x86)/atollic/truestudio for stm32 9.3.0/armtools/bin/../lib/gcc/arm-atollic-eabi/6.3.1/armv7e-m/fpu/crtbegin.o

.rodata         0x0800307c       0x10
                0x0800307c                . = ALIGN (0x4)
 *(.rodata)
 *(.rodata*)
 .rodata.AHBPrescTable
                0x0800307c       0x10 Core\Src\system_stm32f4xx.o
                0x0800307c                AHBPrescTable
                0x0800308c                . = ALIGN (0x4)

.ARM.extab
 *(.ARM.extab* .gnu.linkonce.armextab.*)

.ARM            0x0800308c        0x8
                0x0800308c                __exidx_start = .
 *(.ARM.exidx*)
 .ARM.exidx     0x0800308c        0x8 c:/program files (x86)/atollic/truestudio for stm32 9.3.0/armtools/bin/../lib/gcc/arm-atollic-eabi/6.3.1/armv7e-m/fpu\libgcc.a(_udivmoddi4.o)
                0x08003094                __exidx_end = .

.rel.dyn        0x08003094        0x0
 .rel.iplt      0x08003094        0x0 c:/program files (x86)/atollic/truestudio for stm32 9.3.0/armtools/bin/../lib/gcc/arm-atollic-eabi/6.3.1/armv7e-m/fpu/crtbegin.o

.preinit_array  0x08003094        0x0
                0x08003094                PROVIDE (__preinit_array_start, .)
 *(.preinit_array*)
                0x08003094                PROVIDE (__preinit_array_end, .)

.init_array     0x08003094        0x4
                0x08003094                PROVIDE (__init_array_start, .)
 *(SORT(.init_array.*))
 *(.init_array*)
 .init_array    0x08003094        0x4 c:/program files (x86)/atollic/truestudio for stm32 9.3.0/armtools/bin/../lib/gcc/arm-atollic-eabi/6.3.1/armv7e-m/fpu/crtbegin.o
                0x08003098                PROVIDE (__init_array_end, .)

.fini_array     0x08003098        0x4
                [!provide]                PROVIDE (__fini_array_start, .)
 *(SORT(.fini_array.*))
 *(.fini_array*)
 .fini_array    0x08003098        0x4 c:/program files (x86)/atollic/truestudio for stm32 9.3.0/armtools/bin/../lib/gcc/arm-atollic-eabi/6.3.1/armv7e-m/fpu/crtbegin.o
                [!provide]                PROVIDE (__fini_array_end, .)
                0x0800309c                _sidata = LOADADDR (.data)

.data           0x20000000       0x2c load address 0x0800309c
                0x20000000                . = ALIGN (0x4)
                0x20000000                _sdata = .
 *(.data)
 *(.data*)
 .data.tim_channal
                0x20000000       0x20 Core\Src\main.o
                0x20000000                tim_channal
 .data.SystemCoreClock
                0x20000020        0x4 Core\Src\system_stm32f4xx.o
                0x20000020                SystemCoreClock
 .data.uwTickPrio
                0x20000024        0x4 Drivers\STM32F4xx_HAL_Driver\Src\stm32f4xx_hal.o
                0x20000024                uwTickPrio
 .data.uwTickFreq
                0x20000028        0x1 Drivers\STM32F4xx_HAL_Driver\Src\stm32f4xx_hal.o
                0x20000028                uwTickFreq
                0x2000002c                . = ALIGN (0x4)
 *fill*         0x20000029        0x3 
                0x2000002c                _edata = .

.igot.plt       0x2000002c        0x0 load address 0x080030c8
 .igot.plt      0x2000002c        0x0 c:/program files (x86)/atollic/truestudio for stm32 9.3.0/armtools/bin/../lib/gcc/arm-atollic-eabi/6.3.1/armv7e-m/fpu/crtbegin.o
                0x2000002c                . = ALIGN (0x4)

.bss            0x2000002c       0xb0 load address 0x080030c8
                0x2000002c                _sbss = .
                0x2000002c                __bss_start__ = _sbss
 *(.bss)
 .bss           0x2000002c       0x1c c:/program files (x86)/atollic/truestudio for stm32 9.3.0/armtools/bin/../lib/gcc/arm-atollic-eabi/6.3.1/armv7e-m/fpu/crtbegin.o
 *(.bss*)
 .bss.TriggerEdge
                0x20000048        0x1 Core\Src\main.o
                0x20000048                TriggerEdge
 .bss.TimeEllapsed_Flag
                0x20000049        0x1 Core\Src\main.o
                0x20000049                TimeEllapsed_Flag
 .bss.CaptureIsOver_Flag
                0x2000004a        0x1 Core\Src\main.o
                0x2000004a                CaptureIsOver_Flag
 *fill*         0x2000004b        0x1 
 .bss.Difference
                0x2000004c        0x4 Core\Src\main.o
                0x2000004c                Difference
 .bss.IC_Val1   0x20000050        0x4 Core\Src\main.o
                0x20000050                IC_Val1
 .bss.IC_Val2   0x20000054        0x4 Core\Src\main.o
                0x20000054                IC_Val2
 *(COMMON)
 COMMON         0x20000058       0x80 Core\Src\tim.o
                0x20000058                htim4
                0x20000098                htim1
 COMMON         0x200000d8        0x4 Drivers\STM32F4xx_HAL_Driver\Src\stm32f4xx_hal.o
                0x200000d8                uwTick
                0x200000dc                . = ALIGN (0x4)
                0x200000dc                _ebss = .
                0x200000dc                __bss_end__ = _ebss

._user_heap_stack
                0x200000dc      0x600 load address 0x080030c8
                0x200000dc                . = ALIGN (0x4)
                0x200000dc                PROVIDE (end, .)
                [!provide]                PROVIDE (_end, .)
                0x200002dc                . = (. + _Min_Heap_Size)
 *fill*         0x200000dc      0x200 
                0x200006dc                . = (. + _Min_Stack_Size)
 *fill*         0x200002dc      0x400 
                0x200006dc                . = ALIGN (0x4)

/DISCARD/
 libc.a(*)
 libm.a(*)
 libgcc.a(*)

.ARM.attributes
                0x00000000       0x30
 *(.ARM.attributes)
 .ARM.attributes
                0x00000000       0x22 c:/program files (x86)/atollic/truestudio for stm32 9.3.0/armtools/bin/../lib/gcc/arm-atollic-eabi/6.3.1/armv7e-m/fpu/crti.o
 .ARM.attributes
                0x00000022       0x34 c:/program files (x86)/atollic/truestudio for stm32 9.3.0/armtools/bin/../lib/gcc/arm-atollic-eabi/6.3.1/armv7e-m/fpu/crtbegin.o
 .ARM.attributes
                0x00000056       0x39 Core\Src\gpio.o
 .ARM.attributes
                0x0000008f       0x39 Core\Src\main.o
 .ARM.attributes
                0x000000c8       0x39 Core\Src\stm32f4xx_hal_msp.o
 .ARM.attributes
                0x00000101       0x39 Core\Src\stm32f4xx_it.o
 .ARM.attributes
                0x0000013a       0x39 Core\Src\system_stm32f4xx.o
 .ARM.attributes
                0x00000173       0x39 Core\Src\tim.o
 .ARM.attributes
                0x000001ac       0x39 Drivers\STM32F4xx_HAL_Driver\Src\stm32f4xx_hal.o
 .ARM.attributes
                0x000001e5       0x39 Drivers\STM32F4xx_HAL_Driver\Src\stm32f4xx_hal_cortex.o
 .ARM.attributes
                0x0000021e       0x39 Drivers\STM32F4xx_HAL_Driver\Src\stm32f4xx_hal_gpio.o
 .ARM.attributes
                0x00000257       0x39 Drivers\STM32F4xx_HAL_Driver\Src\stm32f4xx_hal_rcc.o
 .ARM.attributes
                0x00000290       0x39 Drivers\STM32F4xx_HAL_Driver\Src\stm32f4xx_hal_rcc_ex.o
 .ARM.attributes
                0x000002c9       0x39 Drivers\STM32F4xx_HAL_Driver\Src\stm32f4xx_hal_tim.o
 .ARM.attributes
                0x00000302       0x39 Drivers\STM32F4xx_HAL_Driver\Src\stm32f4xx_hal_tim_ex.o
 .ARM.attributes
                0x0000033b       0x21 startup\startup_stm32f446xx.o
 .ARM.attributes
                0x0000035c       0x34 c:/program files (x86)/atollic/truestudio for stm32 9.3.0/armtools/bin/../lib/gcc/arm-atollic-eabi/6.3.1/../../../../arm-atollic-eabi/lib/armv7e-m/fpu\libc_nano.a(lib_a-init.o)
 .ARM.attributes
                0x00000390       0x34 c:/program files (x86)/atollic/truestudio for stm32 9.3.0/armtools/bin/../lib/gcc/arm-atollic-eabi/6.3.1/../../../../arm-atollic-eabi/lib/armv7e-m/fpu\libc_nano.a(lib_a-memset.o)
 .ARM.attributes
                0x000003c4       0x22 c:/program files (x86)/atollic/truestudio for stm32 9.3.0/armtools/bin/../lib/gcc/arm-atollic-eabi/6.3.1/armv7e-m/fpu\libgcc.a(_aeabi_uldivmod.o)
 .ARM.attributes
                0x000003e6       0x34 c:/program files (x86)/atollic/truestudio for stm32 9.3.0/armtools/bin/../lib/gcc/arm-atollic-eabi/6.3.1/armv7e-m/fpu\libgcc.a(_udivmoddi4.o)
 .ARM.attributes
                0x0000041a       0x22 c:/program files (x86)/atollic/truestudio for stm32 9.3.0/armtools/bin/../lib/gcc/arm-atollic-eabi/6.3.1/armv7e-m/fpu\libgcc.a(_dvmd_tls.o)
 .ARM.attributes
                0x0000043c       0x22 c:/program files (x86)/atollic/truestudio for stm32 9.3.0/armtools/bin/../lib/gcc/arm-atollic-eabi/6.3.1/armv7e-m/fpu/crtn.o
OUTPUT(Parktronic.elf elf32-littlearm)

.debug_info     0x00000000     0x98da
 .debug_info    0x00000000      0x4fd Core\Src\gpio.o
 .debug_info    0x000004fd      0xc7b Core\Src\main.o
 .debug_info    0x00001178      0x398 Core\Src\stm32f4xx_hal_msp.o
 .debug_info    0x00001510      0x739 Core\Src\stm32f4xx_it.o
 .debug_info    0x00001c49      0x58a Core\Src\system_stm32f4xx.o
 .debug_info    0x000021d3      0xdb3 Core\Src\tim.o
 .debug_info    0x00002f86      0x996 Drivers\STM32F4xx_HAL_Driver\Src\stm32f4xx_hal.o
 .debug_info    0x0000391c      0xe46 Drivers\STM32F4xx_HAL_Driver\Src\stm32f4xx_hal_cortex.o
 .debug_info    0x00004762      0x802 Drivers\STM32F4xx_HAL_Driver\Src\stm32f4xx_hal_gpio.o
 .debug_info    0x00004f64      0x943 Drivers\STM32F4xx_HAL_Driver\Src\stm32f4xx_hal_rcc.o
 .debug_info    0x000058a7      0x9d4 Drivers\STM32F4xx_HAL_Driver\Src\stm32f4xx_hal_rcc_ex.o
 .debug_info    0x0000627b     0x24a4 Drivers\STM32F4xx_HAL_Driver\Src\stm32f4xx_hal_tim.o
 .debug_info    0x0000871f     0x1153 Drivers\STM32F4xx_HAL_Driver\Src\stm32f4xx_hal_tim_ex.o
 .debug_info    0x00009872       0x68 startup\startup_stm32f446xx.o

.debug_abbrev   0x00000000     0x1740
 .debug_abbrev  0x00000000      0x12f Core\Src\gpio.o
 .debug_abbrev  0x0000012f      0x20c Core\Src\main.o
 .debug_abbrev  0x0000033b      0x104 Core\Src\stm32f4xx_hal_msp.o
 .debug_abbrev  0x0000043f      0x16b Core\Src\stm32f4xx_it.o
 .debug_abbrev  0x000005aa      0x126 Core\Src\system_stm32f4xx.o
 .debug_abbrev  0x000006d0      0x1ac Core\Src\tim.o
 .debug_abbrev  0x0000087c      0x1c2 Drivers\STM32F4xx_HAL_Driver\Src\stm32f4xx_hal.o
 .debug_abbrev  0x00000a3e      0x2f5 Drivers\STM32F4xx_HAL_Driver\Src\stm32f4xx_hal_cortex.o
 .debug_abbrev  0x00000d33      0x1c4 Drivers\STM32F4xx_HAL_Driver\Src\stm32f4xx_hal_gpio.o
 .debug_abbrev  0x00000ef7      0x240 Drivers\STM32F4xx_HAL_Driver\Src\stm32f4xx_hal_rcc.o
 .debug_abbrev  0x00001137      0x1b7 Drivers\STM32F4xx_HAL_Driver\Src\stm32f4xx_hal_rcc_ex.o
 .debug_abbrev  0x000012ee      0x229 Drivers\STM32F4xx_HAL_Driver\Src\stm32f4xx_hal_tim.o
 .debug_abbrev  0x00001517      0x217 Drivers\STM32F4xx_HAL_Driver\Src\stm32f4xx_hal_tim_ex.o
 .debug_abbrev  0x0000172e       0x12 startup\startup_stm32f446xx.o

.debug_aranges  0x00000000      0xa08
 .debug_aranges
                0x00000000       0x20 Core\Src\gpio.o
 .debug_aranges
                0x00000020       0x50 Core\Src\main.o
 .debug_aranges
                0x00000070       0x20 Core\Src\stm32f4xx_hal_msp.o
 .debug_aranges
                0x00000090       0x88 Core\Src\stm32f4xx_it.o
 .debug_aranges
                0x00000118       0x28 Core\Src\system_stm32f4xx.o
 .debug_aranges
                0x00000140       0x48 Core\Src\tim.o
 .debug_aranges
                0x00000188       0xf0 Drivers\STM32F4xx_HAL_Driver\Src\stm32f4xx_hal.o
 .debug_aranges
                0x00000278      0x118 Drivers\STM32F4xx_HAL_Driver\Src\stm32f4xx_hal_cortex.o
 .debug_aranges
                0x00000390       0x58 Drivers\STM32F4xx_HAL_Driver\Src\stm32f4xx_hal_gpio.o
 .debug_aranges
                0x000003e8       0x88 Drivers\STM32F4xx_HAL_Driver\Src\stm32f4xx_hal_rcc.o
 .debug_aranges
                0x00000470       0x78 Drivers\STM32F4xx_HAL_Driver\Src\stm32f4xx_hal_rcc_ex.o
 .debug_aranges
                0x000004e8      0x3a8 Drivers\STM32F4xx_HAL_Driver\Src\stm32f4xx_hal_tim.o
 .debug_aranges
                0x00000890      0x150 Drivers\STM32F4xx_HAL_Driver\Src\stm32f4xx_hal_tim_ex.o
 .debug_aranges
                0x000009e0       0x28 startup\startup_stm32f446xx.o

.debug_ranges   0x00000000      0x930
 .debug_ranges  0x00000000       0x10 Core\Src\gpio.o
 .debug_ranges  0x00000010       0x40 Core\Src\main.o
 .debug_ranges  0x00000050       0x10 Core\Src\stm32f4xx_hal_msp.o
 .debug_ranges  0x00000060       0x78 Core\Src\stm32f4xx_it.o
 .debug_ranges  0x000000d8       0x18 Core\Src\system_stm32f4xx.o
 .debug_ranges  0x000000f0       0x38 Core\Src\tim.o
 .debug_ranges  0x00000128       0xe0 Drivers\STM32F4xx_HAL_Driver\Src\stm32f4xx_hal.o
 .debug_ranges  0x00000208      0x108 Drivers\STM32F4xx_HAL_Driver\Src\stm32f4xx_hal_cortex.o
 .debug_ranges  0x00000310       0x48 Drivers\STM32F4xx_HAL_Driver\Src\stm32f4xx_hal_gpio.o
 .debug_ranges  0x00000358       0x78 Drivers\STM32F4xx_HAL_Driver\Src\stm32f4xx_hal_rcc.o
 .debug_ranges  0x000003d0       0x68 Drivers\STM32F4xx_HAL_Driver\Src\stm32f4xx_hal_rcc_ex.o
 .debug_ranges  0x00000438      0x398 Drivers\STM32F4xx_HAL_Driver\Src\stm32f4xx_hal_tim.o
 .debug_ranges  0x000007d0      0x140 Drivers\STM32F4xx_HAL_Driver\Src\stm32f4xx_hal_tim_ex.o
 .debug_ranges  0x00000910       0x20 startup\startup_stm32f446xx.o

.debug_line     0x00000000     0x46ab
 .debug_line    0x00000000      0x209 Core\Src\gpio.o
 .debug_line    0x00000209      0x465 Core\Src\main.o
 .debug_line    0x0000066e      0x1ea Core\Src\stm32f4xx_hal_msp.o
 .debug_line    0x00000858      0x31f Core\Src\stm32f4xx_it.o
 .debug_line    0x00000b77      0x20f Core\Src\system_stm32f4xx.o
 .debug_line    0x00000d86      0x2eb Core\Src\tim.o
 .debug_line    0x00001071      0x41f Drivers\STM32F4xx_HAL_Driver\Src\stm32f4xx_hal.o
 .debug_line    0x00001490      0x553 Drivers\STM32F4xx_HAL_Driver\Src\stm32f4xx_hal_cortex.o
 .debug_line    0x000019e3      0x402 Drivers\STM32F4xx_HAL_Driver\Src\stm32f4xx_hal_gpio.o
 .debug_line    0x00001de5      0x4c0 Drivers\STM32F4xx_HAL_Driver\Src\stm32f4xx_hal_rcc.o
 .debug_line    0x000022a5      0x645 Drivers\STM32F4xx_HAL_Driver\Src\stm32f4xx_hal_rcc_ex.o
 .debug_line    0x000028ea     0x14c6 Drivers\STM32F4xx_HAL_Driver\Src\stm32f4xx_hal_tim.o
 .debug_line    0x00003db0      0x87d Drivers\STM32F4xx_HAL_Driver\Src\stm32f4xx_hal_tim_ex.o
 .debug_line    0x0000462d       0x7e startup\startup_stm32f446xx.o

.debug_str      0x00000000     0x3294
 .debug_str     0x00000000      0x3f6 Core\Src\gpio.o
                                0x456 (size before relaxing)
 .debug_str     0x000003f6      0x652 Core\Src\main.o
                                0xa9c (size before relaxing)
 .debug_str     0x00000a48       0x2c Core\Src\stm32f4xx_hal_msp.o
                                0x3c5 (size before relaxing)
 .debug_str     0x00000a74      0x11e Core\Src\stm32f4xx_it.o
                                0x7ba (size before relaxing)
 .debug_str     0x00000b92       0xaf Core\Src\system_stm32f4xx.o
                                0x441 (size before relaxing)
 .debug_str     0x00000c41      0x677 Core\Src\tim.o
                                0xf23 (size before relaxing)
 .debug_str     0x000012b8      0x2c5 Drivers\STM32F4xx_HAL_Driver\Src\stm32f4xx_hal.o
                                0xbcf (size before relaxing)
 .debug_str     0x0000157d      0x49e Drivers\STM32F4xx_HAL_Driver\Src\stm32f4xx_hal_cortex.o
                                0xd2e (size before relaxing)
 .debug_str     0x00001a1b      0x158 Drivers\STM32F4xx_HAL_Driver\Src\stm32f4xx_hal_gpio.o
                                0x5d8 (size before relaxing)
 .debug_str     0x00001b73      0x1ae Drivers\STM32F4xx_HAL_Driver\Src\stm32f4xx_hal_rcc.o
                                0x794 (size before relaxing)
 .debug_str     0x00001d21      0x347 Drivers\STM32F4xx_HAL_Driver\Src\stm32f4xx_hal_rcc_ex.o
                                0x89a (size before relaxing)
 .debug_str     0x00002068      0xcfd Drivers\STM32F4xx_HAL_Driver\Src\stm32f4xx_hal_tim.o
                               0x153d (size before relaxing)
 .debug_str     0x00002d65      0x52f Drivers\STM32F4xx_HAL_Driver\Src\stm32f4xx_hal_tim_ex.o
                                0xd3d (size before relaxing)

.comment        0x00000000       0x7c
 .comment       0x00000000       0x7c Core\Src\gpio.o
                                 0x7d (size before relaxing)
 .comment       0x0000007c       0x7d Core\Src\main.o
 .comment       0x0000007c       0x7d Core\Src\stm32f4xx_hal_msp.o
 .comment       0x0000007c       0x7d Core\Src\stm32f4xx_it.o
 .comment       0x0000007c       0x7d Core\Src\system_stm32f4xx.o
 .comment       0x0000007c       0x7d Core\Src\tim.o
 .comment       0x0000007c       0x7d Drivers\STM32F4xx_HAL_Driver\Src\stm32f4xx_hal.o
 .comment       0x0000007c       0x7d Drivers\STM32F4xx_HAL_Driver\Src\stm32f4xx_hal_cortex.o
 .comment       0x0000007c       0x7d Drivers\STM32F4xx_HAL_Driver\Src\stm32f4xx_hal_gpio.o
 .comment       0x0000007c       0x7d Drivers\STM32F4xx_HAL_Driver\Src\stm32f4xx_hal_rcc.o
 .comment       0x0000007c       0x7d Drivers\STM32F4xx_HAL_Driver\Src\stm32f4xx_hal_rcc_ex.o
 .comment       0x0000007c       0x7d Drivers\STM32F4xx_HAL_Driver\Src\stm32f4xx_hal_tim.o
 .comment       0x0000007c       0x7d Drivers\STM32F4xx_HAL_Driver\Src\stm32f4xx_hal_tim_ex.o

.debug_frame    0x00000000     0x28d4
 .debug_frame   0x00000000       0x34 Core\Src\gpio.o
 .debug_frame   0x00000034      0x104 Core\Src\main.o
 .debug_frame   0x00000138       0x38 Core\Src\stm32f4xx_hal_msp.o
 .debug_frame   0x00000170      0x190 Core\Src\stm32f4xx_it.o
 .debug_frame   0x00000300       0x58 Core\Src\system_stm32f4xx.o
 .debug_frame   0x00000358       0xe8 Core\Src\tim.o
 .debug_frame   0x00000440      0x374 Drivers\STM32F4xx_HAL_Driver\Src\stm32f4xx_hal.o
 .debug_frame   0x000007b4      0x498 Drivers\STM32F4xx_HAL_Driver\Src\stm32f4xx_hal_cortex.o
 .debug_frame   0x00000c4c      0x14c Drivers\STM32F4xx_HAL_Driver\Src\stm32f4xx_hal_gpio.o
 .debug_frame   0x00000d98      0x1f8 Drivers\STM32F4xx_HAL_Driver\Src\stm32f4xx_hal_rcc.o
 .debug_frame   0x00000f90      0x1e8 Drivers\STM32F4xx_HAL_Driver\Src\stm32f4xx_hal_rcc_ex.o
 .debug_frame   0x00001178     0x10f0 Drivers\STM32F4xx_HAL_Driver\Src\stm32f4xx_hal_tim.o
 .debug_frame   0x00002268      0x5c0 Drivers\STM32F4xx_HAL_Driver\Src\stm32f4xx_hal_tim_ex.o
 .debug_frame   0x00002828       0x2c c:/program files (x86)/atollic/truestudio for stm32 9.3.0/armtools/bin/../lib/gcc/arm-atollic-eabi/6.3.1/../../../../arm-atollic-eabi/lib/armv7e-m/fpu\libc_nano.a(lib_a-init.o)
 .debug_frame   0x00002854       0x20 c:/program files (x86)/atollic/truestudio for stm32 9.3.0/armtools/bin/../lib/gcc/arm-atollic-eabi/6.3.1/../../../../arm-atollic-eabi/lib/armv7e-m/fpu\libc_nano.a(lib_a-memset.o)
 .debug_frame   0x00002874       0x2c c:/program files (x86)/atollic/truestudio for stm32 9.3.0/armtools/bin/../lib/gcc/arm-atollic-eabi/6.3.1/armv7e-m/fpu\libgcc.a(_aeabi_uldivmod.o)
 .debug_frame   0x000028a0       0x34 c:/program files (x86)/atollic/truestudio for stm32 9.3.0/armtools/bin/../lib/gcc/arm-atollic-eabi/6.3.1/armv7e-m/fpu\libgcc.a(_udivmoddi4.o)
