Archive member included to satisfy reference by file (symbol)

c:/program files (x86)/atollic/truestudio for stm32 9.3.0/armtools/bin/../lib/gcc/arm-atollic-eabi/6.3.1/../../../../arm-atollic-eabi/lib/armv7e-m/fpu\libc_nano.a(lib_a-errno.o)
                              Core\Src\syscalls.o (__errno)
c:/program files (x86)/atollic/truestudio for stm32 9.3.0/armtools/bin/../lib/gcc/arm-atollic-eabi/6.3.1/../../../../arm-atollic-eabi/lib/armv7e-m/fpu\libc_nano.a(lib_a-impure.o)
                              c:/program files (x86)/atollic/truestudio for stm32 9.3.0/armtools/bin/../lib/gcc/arm-atollic-eabi/6.3.1/../../../../arm-atollic-eabi/lib/armv7e-m/fpu\libc_nano.a(lib_a-errno.o) (_impure_ptr)
c:/program files (x86)/atollic/truestudio for stm32 9.3.0/armtools/bin/../lib/gcc/arm-atollic-eabi/6.3.1/../../../../arm-atollic-eabi/lib/armv7e-m/fpu\libc_nano.a(lib_a-init.o)
                              startup\startup_stm32f446xx.o (__libc_init_array)
c:/program files (x86)/atollic/truestudio for stm32 9.3.0/armtools/bin/../lib/gcc/arm-atollic-eabi/6.3.1/../../../../arm-atollic-eabi/lib/armv7e-m/fpu\libc_nano.a(lib_a-memset.o)
                              Core\Src\main.o (memset)
c:/program files (x86)/atollic/truestudio for stm32 9.3.0/armtools/bin/../lib/gcc/arm-atollic-eabi/6.3.1/armv7e-m/fpu\libgcc.a(_aeabi_uldivmod.o)
                              Drivers\STM32F4xx_HAL_Driver\Src\stm32f4xx_hal_rcc.o (__aeabi_uldivmod)
c:/program files (x86)/atollic/truestudio for stm32 9.3.0/armtools/bin/../lib/gcc/arm-atollic-eabi/6.3.1/armv7e-m/fpu\libgcc.a(_udivmoddi4.o)
                              c:/program files (x86)/atollic/truestudio for stm32 9.3.0/armtools/bin/../lib/gcc/arm-atollic-eabi/6.3.1/armv7e-m/fpu\libgcc.a(_aeabi_uldivmod.o) (__udivmoddi4)
c:/program files (x86)/atollic/truestudio for stm32 9.3.0/armtools/bin/../lib/gcc/arm-atollic-eabi/6.3.1/armv7e-m/fpu\libgcc.a(_dvmd_tls.o)
                              c:/program files (x86)/atollic/truestudio for stm32 9.3.0/armtools/bin/../lib/gcc/arm-atollic-eabi/6.3.1/armv7e-m/fpu\libgcc.a(_aeabi_uldivmod.o) (__aeabi_ldiv0)

Allocating common symbols
Common symbol       size              file

htim4               0x40              Core\Src\tim.o
uwTick              0x4               Drivers\STM32F4xx_HAL_Driver\Src\stm32f4xx_hal.o
pFlash              0x20              Drivers\STM32F4xx_HAL_Driver\Src\stm32f4xx_hal_flash.o
htim1               0x40              Core\Src\tim.o

Discarded input sections

 .text          0x00000000        0x0 c:/program files (x86)/atollic/truestudio for stm32 9.3.0/armtools/bin/../lib/gcc/arm-atollic-eabi/6.3.1/armv7e-m/fpu/crti.o
 .data          0x00000000        0x0 c:/program files (x86)/atollic/truestudio for stm32 9.3.0/armtools/bin/../lib/gcc/arm-atollic-eabi/6.3.1/armv7e-m/fpu/crti.o
 .bss           0x00000000        0x0 c:/program files (x86)/atollic/truestudio for stm32 9.3.0/armtools/bin/../lib/gcc/arm-atollic-eabi/6.3.1/armv7e-m/fpu/crti.o
 .data          0x00000000        0x4 c:/program files (x86)/atollic/truestudio for stm32 9.3.0/armtools/bin/../lib/gcc/arm-atollic-eabi/6.3.1/armv7e-m/fpu/crtbegin.o
 .text          0x00000000        0x0 Core\Src\gpio.o
 .data          0x00000000        0x0 Core\Src\gpio.o
 .bss           0x00000000        0x0 Core\Src\gpio.o
 .text          0x00000000        0x0 Core\Src\main.o
 .data          0x00000000        0x0 Core\Src\main.o
 .bss           0x00000000        0x0 Core\Src\main.o
 .bss.CaptureIsOver_Flag
                0x00000000        0x1 Core\Src\main.o
 .bss.TimeEllapsed_Flag
                0x00000000        0x1 Core\Src\main.o
 .bss.TriggerEdge
                0x00000000        0x1 Core\Src\main.o
 .bss.Difference
                0x00000000        0x4 Core\Src\main.o
 .bss.IC_Val1   0x00000000        0x4 Core\Src\main.o
 .bss.IC_Val2   0x00000000        0x4 Core\Src\main.o
 .text.Measure_Distance
                0x00000000       0x8c Core\Src\main.o
 .text.HAL_TIM_PeriodElapsedCallback
                0x00000000       0x38 Core\Src\main.o
 .text.HAL_TIM_IC_CaptureCallback
                0x00000000       0xe0 Core\Src\main.o
 .text          0x00000000        0x0 Core\Src\stm32f4xx_hal_msp.o
 .data          0x00000000        0x0 Core\Src\stm32f4xx_hal_msp.o
 .bss           0x00000000        0x0 Core\Src\stm32f4xx_hal_msp.o
 .text          0x00000000        0x0 Core\Src\stm32f4xx_it.o
 .data          0x00000000        0x0 Core\Src\stm32f4xx_it.o
 .bss           0x00000000        0x0 Core\Src\stm32f4xx_it.o
 .text          0x00000000        0x0 Core\Src\syscalls.o
 .data          0x00000000        0x0 Core\Src\syscalls.o
 .bss           0x00000000        0x0 Core\Src\syscalls.o
 .bss.__env     0x00000000        0x4 Core\Src\syscalls.o
 .data.environ  0x00000000        0x4 Core\Src\syscalls.o
 .text.initialise_monitor_handles
                0x00000000        0xe Core\Src\syscalls.o
 .text._getpid  0x00000000       0x10 Core\Src\syscalls.o
[...]
Memory Configuration

Name             Origin             Length             Attributes
RAM              0x20000000         0x00020000         xrw
FLASH            0x08000000         0x00080000         xr
*default*        0x00000000         0xffffffff

Linker script and memory map

LOAD c:/program files (x86)/atollic/truestudio for stm32 9.3.0/armtools/bin/../lib/gcc/arm-atollic-eabi/6.3.1/armv7e-m/fpu/crti.o
LOAD c:/program files (x86)/atollic/truestudio for stm32 9.3.0/armtools/bin/../lib/gcc/arm-atollic-eabi/6.3.1/armv7e-m/fpu/crtbegin.o
LOAD Core\Src\gpio.o
LOAD Core\Src\main.o
LOAD Core\Src\stm32f4xx_hal_msp.o
LOAD Core\Src\stm32f4xx_it.o
LOAD Core\Src\syscalls.o
LOAD Core\Src\system_stm32f4xx.o
LOAD Core\Src\tim.o
LOAD Drivers\STM32F4xx_HAL_Driver\Src\stm32f4xx_hal.o
LOAD Drivers\STM32F4xx_HAL_Driver\Src\stm32f4xx_hal_cortex.o
LOAD Drivers\STM32F4xx_HAL_Driver\Src\stm32f4xx_hal_dma.o
LOAD Drivers\STM32F4xx_HAL_Driver\Src\stm32f4xx_hal_dma_ex.o
LOAD Drivers\STM32F4xx_HAL_Driver\Src\stm32f4xx_hal_exti.o
LOAD Drivers\STM32F4xx_HAL_Driver\Src\stm32f4xx_hal_flash.o
LOAD Drivers\STM32F4xx_HAL_Driver\Src\stm32f4xx_hal_flash_ex.o
LOAD Drivers\STM32F4xx_HAL_Driver\Src\stm32f4xx_hal_flash_ramfunc.o
LOAD Drivers\STM32F4xx_HAL_Driver\Src\stm32f4xx_hal_gpio.o
LOAD Drivers\STM32F4xx_HAL_Driver\Src\stm32f4xx_hal_pwr.o
LOAD Drivers\STM32F4xx_HAL_Driver\Src\stm32f4xx_hal_pwr_ex.o
LOAD Drivers\STM32F4xx_HAL_Driver\Src\stm32f4xx_hal_rcc.o
LOAD Drivers\STM32F4xx_HAL_Driver\Src\stm32f4xx_hal_rcc_ex.o
LOAD Drivers\STM32F4xx_HAL_Driver\Src\stm32f4xx_hal_tim.o
LOAD Drivers\STM32F4xx_HAL_Driver\Src\stm32f4xx_hal_tim_ex.o
LOAD startup\startup_stm32f446xx.o
                0x00000080                malloc_getpagesize_P = 0x80
START GROUP
LOAD c:/program files (x86)/atollic/truestudio for stm32 9.3.0/armtools/bin/../lib/gcc/arm-atollic-eabi/6.3.1/../../../../arm-atollic-eabi/lib/armv7e-m/fpu\libc_nano.a
LOAD c:/program files (x86)/atollic/truestudio for stm32 9.3.0/armtools/bin/../lib/gcc/arm-atollic-eabi/6.3.1/../../../../arm-atollic-eabi/lib/armv7e-m/fpu\libm.a
END GROUP
START GROUP
LOAD c:/program files (x86)/atollic/truestudio for stm32 9.3.0/armtools/bin/../lib/gcc/arm-atollic-eabi/6.3.1/armv7e-m/fpu\libgcc.a
LOAD c:/program files (x86)/atollic/truestudio for stm32 9.3.0/armtools/bin/../lib/gcc/arm-atollic-eabi/6.3.1/../../../../arm-atollic-eabi/lib/armv7e-m/fpu\libc_nano.a
END GROUP
START GROUP
LOAD c:/program files (x86)/atollic/truestudio for stm32 9.3.0/armtools/bin/../lib/gcc/arm-atollic-eabi/6.3.1/armv7e-m/fpu\libgcc.a
LOAD c:/program files (x86)/atollic/truestudio for stm32 9.3.0/armtools/bin/../lib/gcc/arm-atollic-eabi/6.3.1/../../../../arm-atollic-eabi/lib/armv7e-m/fpu\libc_nano.a
LOAD c:/program files (x86)/atollic/truestudio for stm32 9.3.0/armtools/bin/../lib/gcc/arm-atollic-eabi/6.3.1/../../../../arm-atollic-eabi/lib/armv7e-m/fpu\libnosys.a
END GROUP
START GROUP
LOAD c:/program files (x86)/atollic/truestudio for stm32 9.3.0/armtools/bin/../lib/gcc/arm-atollic-eabi/6.3.1/armv7e-m/fpu\libgcc.a
LOAD c:/program files (x86)/atollic/truestudio for stm32 9.3.0/armtools/bin/../lib/gcc/arm-atollic-eabi/6.3.1/../../../../arm-atollic-eabi/lib/armv7e-m/fpu\libc_nano.a
LOAD c:/program files (x86)/atollic/truestudio for stm32 9.3.0/armtools/bin/../lib/gcc/arm-atollic-eabi/6.3.1/../../../../arm-atollic-eabi/lib/armv7e-m/fpu\libnosys.a
END GROUP
LOAD c:/program files (x86)/atollic/truestudio for stm32 9.3.0/armtools/bin/../lib/gcc/arm-atollic-eabi/6.3.1/armv7e-m/fpu/crtend.o
LOAD c:/program files (x86)/atollic/truestudio for stm32 9.3.0/armtools/bin/../lib/gcc/arm-atollic-eabi/6.3.1/armv7e-m/fpu/crtn.o
                0x20020000                _estack = 0x20020000
                0x00000200                _Min_Heap_Size = 0x200
                0x00000400                _Min_Stack_Size = 0x400

.isr_vector     0x08000000      0x1c4
                0x08000000                . = ALIGN (0x4)
 *(.isr_vector)
 .isr_vector    0x08000000      0x1c4 startup\startup_stm32f446xx.o
                0x08000000                g_pfnVectors
                0x080001c4                . = ALIGN (0x4)

.text           0x080001c4     0x21e8
                0x080001c4                . = ALIGN (0x4)
 *(.text)
 .text          0x080001c4       0x40 c:/program files (x86)/atollic/truestudio for stm32 9.3.0/armtools/bin/../lib/gcc/arm-atollic-eabi/6.3.1/armv7e-m/fpu/crtbegin.o
 .text          0x08000204       0x30 c:/program files (x86)/atollic/truestudio for stm32 9.3.0/armtools/bin/../lib/gcc/arm-atollic-eabi/6.3.1/armv7e-m/fpu\libgcc.a(_aeabi_uldivmod.o)
                0x08000204                __aeabi_uldivmod
 .text          0x08000234      0x2dc c:/program files (x86)/atollic/truestudio for stm32 9.3.0/armtools/bin/../lib/gcc/arm-atollic-eabi/6.3.1/armv7e-m/fpu\libgcc.a(_udivmoddi4.o)
                0x08000234                __udivmoddi4
 .text          0x08000510        0x4 c:/program files (x86)/atollic/truestudio for stm32 9.3.0/armtools/bin/../lib/gcc/arm-atollic-eabi/6.3.1/armv7e-m/fpu\libgcc.a(_dvmd_tls.o)
                0x08000510                __aeabi_idiv0
                0x08000510                __aeabi_ldiv0
 *(.text*)
 .text.MX_GPIO_Init
                0x08000514       0xa4 Core\Src\gpio.o
                0x08000514                MX_GPIO_Init
 .text.main     0x080005b8       0x1a Core\Src\main.o
                0x080005b8                main
 *fill*         0x080005d2        0x2 
 .text.SystemClock_Config
                0x080005d4       0xdc Core\Src\main.o
                0x080005d4                SystemClock_Config
 .text.Error_Handler
                0x080006b0        0x8 Core\Src\main.o
                0x080006b0                Error_Handler
 .text.HAL_MspInit
                0x080006b8       0x50 Core\Src\stm32f4xx_hal_msp.o
                0x080006b8                HAL_MspInit
 .text.NMI_Handler
                0x08000708        0x6 Core\Src\stm32f4xx_it.o
                0x08000708                NMI_Handler
 .text.HardFault_Handler
                0x0800070e        0x6 Core\Src\stm32f4xx_it.o
                0x0800070e                HardFault_Handler
 .text.MemManage_Handler
                0x08000714        0x6 Core\Src\stm32f4xx_it.o
                0x08000714                MemManage_Handler
 .text.BusFault_Handler
                0x0800071a        0x6 Core\Src\stm32f4xx_it.o
                0x0800071a                BusFault_Handler
 .text.UsageFault_Handler
                0x08000720        0x6 Core\Src\stm32f4xx_it.o
                0x08000720                UsageFault_Handler
 .text.SVC_Handler
                0x08000726        0xe Core\Src\stm32f4xx_it.o
                0x08000726                SVC_Handler
 .text.DebugMon_Handler
                0x08000734        0xe Core\Src\stm32f4xx_it.o
                0x08000734                DebugMon_Handler
 .text.PendSV_Handler
                0x08000742        0xe Core\Src\stm32f4xx_it.o
                0x08000742                PendSV_Handler
 .text.SysTick_Handler
                0x08000750        0xc Core\Src\stm32f4xx_it.o
                0x08000750                SysTick_Handler
 .text.SystemInit
                0x0800075c       0x2c Core\Src\system_stm32f4xx.o
                0x0800075c                SystemInit
 .text.MX_TIM1_Init
                0x08000788       0xa0 Core\Src\tim.o
                0x08000788                MX_TIM1_Init
 .text.MX_TIM4_Init
                0x08000828       0xe8 Core\Src\tim.o
                0x08000828                MX_TIM4_Init
 .text.HAL_TIM_Base_MspInit
                0x08000910       0x44 Core\Src\tim.o
                0x08000910                HAL_TIM_Base_MspInit
 .text.HAL_TIM_IC_MspInit
                0x08000954       0x90 Core\Src\tim.o
                0x08000954                HAL_TIM_IC_MspInit
 .text.HAL_Init
                0x080009e4       0x44 Drivers\STM32F4xx_HAL_Driver\Src\stm32f4xx_hal.o
                0x080009e4                HAL_Init
 .text.HAL_InitTick
                0x08000a28       0x60 Drivers\STM32F4xx_HAL_Driver\Src\stm32f4xx_hal.o
                0x08000a28                HAL_InitTick
 .text.HAL_IncTick
                0x08000a88       0x28 Drivers\STM32F4xx_HAL_Driver\Src\stm32f4xx_hal.o
                0x08000a88                HAL_IncTick
 .text.HAL_GetTick
                0x08000ab0       0x18 Drivers\STM32F4xx_HAL_Driver\Src\stm32f4xx_hal.o
                0x08000ab0                HAL_GetTick
 .text.__NVIC_SetPriorityGrouping
                0x08000ac8       0x48 Drivers\STM32F4xx_HAL_Driver\Src\stm32f4xx_hal_cortex.o
 .text.__NVIC_GetPriorityGrouping
                0x08000b10       0x1c Drivers\STM32F4xx_HAL_Driver\Src\stm32f4xx_hal_cortex.o
 .text.__NVIC_SetPriority
                0x08000b2c       0x54 Drivers\STM32F4xx_HAL_Driver\Src\stm32f4xx_hal_cortex.o
 .text.NVIC_EncodePriority
                0x08000b80       0x62 Drivers\STM32F4xx_HAL_Driver\Src\stm32f4xx_hal_cortex.o
 *fill*         0x08000be2        0x2 
 .text.SysTick_Config
                0x08000be4       0x44 Drivers\STM32F4xx_HAL_Driver\Src\stm32f4xx_hal_cortex.o
 .text.HAL_NVIC_SetPriorityGrouping
                0x08000c28       0x16 Drivers\STM32F4xx_HAL_Driver\Src\stm32f4xx_hal_cortex.o
                0x08000c28                HAL_NVIC_SetPriorityGrouping
 .text.HAL_NVIC_SetPriority
                0x08000c3e       0x38 Drivers\STM32F4xx_HAL_Driver\Src\stm32f4xx_hal_cortex.o
                0x08000c3e                HAL_NVIC_SetPriority
 .text.HAL_SYSTICK_Config
                0x08000c76       0x18 Drivers\STM32F4xx_HAL_Driver\Src\stm32f4xx_hal_cortex.o
                0x08000c76                HAL_SYSTICK_Config
 *fill*         0x08000c8e        0x2 
 .text.HAL_GPIO_Init
                0x08000c90      0x324 Drivers\STM32F4xx_HAL_Driver\Src\stm32f4xx_hal_gpio.o
                0x08000c90                HAL_GPIO_Init
 .text.HAL_GPIO_WritePin
                0x08000fb4       0x32 Drivers\STM32F4xx_HAL_Driver\Src\stm32f4xx_hal_gpio.o
                0x08000fb4                HAL_GPIO_WritePin
 *fill*         0x08000fe6        0x2 
 .text.HAL_RCC_ClockConfig
                0x08000fe8      0x1cc Drivers\STM32F4xx_HAL_Driver\Src\stm32f4xx_hal_rcc.o
                0x08000fe8                HAL_RCC_ClockConfig
 .text.HAL_RCC_GetSysClockFreq
                0x080011b4      0x36c Drivers\STM32F4xx_HAL_Driver\Src\stm32f4xx_hal_rcc_ex.o
                0x080011b4                HAL_RCC_GetSysClockFreq
 .text.HAL_RCC_OscConfig
                0x08001520      0x4b4 Drivers\STM32F4xx_HAL_Driver\Src\stm32f4xx_hal_rcc_ex.o
                0x08001520                HAL_RCC_OscConfig
 .text.HAL_TIM_Base_Init
                0x080019d4       0x56 Drivers\STM32F4xx_HAL_Driver\Src\stm32f4xx_hal_tim.o
                0x080019d4                HAL_TIM_Base_Init
 .text.HAL_TIM_IC_Init
                0x08001a2a       0x56 Drivers\STM32F4xx_HAL_Driver\Src\stm32f4xx_hal_tim.o
                0x08001a2a                HAL_TIM_IC_Init
 .text.HAL_TIM_IC_ConfigChannel
                0x08001a80      0x138 Drivers\STM32F4xx_HAL_Driver\Src\stm32f4xx_hal_tim.o
                0x08001a80                HAL_TIM_IC_ConfigChannel
 .text.HAL_TIM_ConfigClockSource
                0x08001bb8      0x16e Drivers\STM32F4xx_HAL_Driver\Src\stm32f4xx_hal_tim.o
                0x08001bb8                HAL_TIM_ConfigClockSource
 *fill*         0x08001d26        0x2 
 .text.TIM_Base_SetConfig
                0x08001d28      0x140 Drivers\STM32F4xx_HAL_Driver\Src\stm32f4xx_hal_tim.o
                0x08001d28                TIM_Base_SetConfig
 .text.TIM_TI1_SetConfig
                0x08001e68       0xe8 Drivers\STM32F4xx_HAL_Driver\Src\stm32f4xx_hal_tim.o
                0x08001e68                TIM_TI1_SetConfig
 .text.TIM_TI1_ConfigInputStage
                0x08001f50       0x5e Drivers\STM32F4xx_HAL_Driver\Src\stm32f4xx_hal_tim.o
 .text.TIM_TI2_SetConfig
                0x08001fae       0x7a Drivers\STM32F4xx_HAL_Driver\Src\stm32f4xx_hal_tim.o
 .text.TIM_TI2_ConfigInputStage
                0x08002028       0x60 Drivers\STM32F4xx_HAL_Driver\Src\stm32f4xx_hal_tim.o
 .text.TIM_TI3_SetConfig
                0x08002088       0x78 Drivers\STM32F4xx_HAL_Driver\Src\stm32f4xx_hal_tim.o
 .text.TIM_TI4_SetConfig
                0x08002100       0x7a Drivers\STM32F4xx_HAL_Driver\Src\stm32f4xx_hal_tim.o
 .text.TIM_ITRx_SetConfig
                0x0800217a       0x36 Drivers\STM32F4xx_HAL_Driver\Src\stm32f4xx_hal_tim.o
 .text.TIM_ETR_SetConfig
                0x080021b0       0x40 Drivers\STM32F4xx_HAL_Driver\Src\stm32f4xx_hal_tim.o
                0x080021b0                TIM_ETR_SetConfig
 .text.HAL_TIMEx_MasterConfigSynchronization
                0x080021f0       0xf8 Drivers\STM32F4xx_HAL_Driver\Src\stm32f4xx_hal_tim_ex.o
                0x080021f0                HAL_TIMEx_MasterConfigSynchronization
 .text.Reset_Handler
                0x080022e8       0x50 startup\startup_stm32f446xx.o
                0x080022e8                Reset_Handler
 .text.Default_Handler
                0x08002338        0x2 startup\startup_stm32f446xx.o
                0x08002338                RTC_Alarm_IRQHandler
                0x08002338                EXTI2_IRQHandler
                0x08002338                TIM8_CC_IRQHandler
                0x08002338                FMPI2C1_EV_IRQHandler
                0x08002338                SPI4_IRQHandler
                0x08002338                TIM1_CC_IRQHandler
                0x08002338                DMA2_Stream5_IRQHandler
                0x08002338                DMA1_Stream5_IRQHandler
                0x08002338                PVD_IRQHandler
                0x08002338                SDIO_IRQHandler
                0x08002338                TAMP_STAMP_IRQHandler
                0x08002338                CAN2_RX1_IRQHandler
                0x08002338                EXTI3_IRQHandler
                0x08002338                TIM8_TRG_COM_TIM14_IRQHandler
                0x08002338                TIM1_UP_TIM10_IRQHandler
                0x08002338                TIM8_UP_TIM13_IRQHandler
                0x08002338                I2C3_ER_IRQHandler
                0x08002338                EXTI0_IRQHandler
                0x08002338                I2C2_EV_IRQHandler
                0x08002338                DMA1_Stream2_IRQHandler
                0x08002338                CAN1_RX0_IRQHandler
                0x08002338                FPU_IRQHandler
                0x08002338                OTG_HS_WKUP_IRQHandler
                0x08002338                CAN2_SCE_IRQHandler
                0x08002338                DMA2_Stream2_IRQHandler
                0x08002338                SPI1_IRQHandler
                0x08002338                TIM6_DAC_IRQHandler
                0x08002338                TIM1_BRK_TIM9_IRQHandler
                0x08002338                DCMI_IRQHandler
                0x08002338                CAN2_RX0_IRQHandler
                0x08002338                DMA2_Stream3_IRQHandler
                0x08002338                SAI2_IRQHandler
                0x08002338                USART6_IRQHandler
                0x08002338                USART3_IRQHandler
                0x08002338                CAN1_RX1_IRQHandler
                0x08002338                UART5_IRQHandler
                0x08002338                DMA2_Stream0_IRQHandler
                0x08002338                TIM4_IRQHandler
                0x08002338                QUADSPI_IRQHandler
                0x08002338                I2C1_EV_IRQHandler
                0x08002338                DMA1_Stream6_IRQHandler
                0x08002338                DMA1_Stream1_IRQHandler
                0x08002338                UART4_IRQHandler
                0x08002338                TIM3_IRQHandler
                0x08002338                RCC_IRQHandler
                0x08002338                TIM8_BRK_TIM12_IRQHandler
                0x08002338                Default_Handler
                0x08002338                CEC_IRQHandler
                0x08002338                EXTI15_10_IRQHandler
                0x08002338                ADC_IRQHandler
                0x08002338                DMA1_Stream7_IRQHandler
                0x08002338                TIM7_IRQHandler
                0x08002338                CAN2_TX_IRQHandler
                0x08002338                TIM5_IRQHandler
                0x08002338                DMA2_Stream7_IRQHandler
                0x08002338                I2C3_EV_IRQHandler
                0x08002338                EXTI9_5_IRQHandler
                0x08002338                RTC_WKUP_IRQHandler
                0x08002338                SPDIF_RX_IRQHandler
                0x08002338                SPI2_IRQHandler
                0x08002338                OTG_HS_EP1_IN_IRQHandler
                0x08002338                DMA1_Stream0_IRQHandler
                0x08002338                CAN1_TX_IRQHandler
                0x08002338                FMPI2C1_ER_IRQHandler
                0x08002338                EXTI4_IRQHandler
                0x08002338                OTG_HS_EP1_OUT_IRQHandler
                0x08002338                WWDG_IRQHandler
                0x08002338                TIM2_IRQHandler
                0x08002338                OTG_FS_WKUP_IRQHandler
                0x08002338                TIM1_TRG_COM_TIM11_IRQHandler
                0x08002338                OTG_HS_IRQHandler
                0x08002338                EXTI1_IRQHandler
                0x08002338                USART2_IRQHandler
                0x08002338                I2C2_ER_IRQHandler
                0x08002338                DMA2_Stream1_IRQHandler
                0x08002338                CAN1_SCE_IRQHandler
                0x08002338                FLASH_IRQHandler
                0x08002338                DMA2_Stream4_IRQHandler
                0x08002338                USART1_IRQHandler
                0x08002338                OTG_FS_IRQHandler
                0x08002338                SPI3_IRQHandler
                0x08002338                DMA1_Stream4_IRQHandler
                0x08002338                I2C1_ER_IRQHandler
                0x08002338                FMC_IRQHandler
                0x08002338                DMA2_Stream6_IRQHandler
                0x08002338                SAI1_IRQHandler
                0x08002338                DMA1_Stream3_IRQHandler
 *fill*         0x0800233a        0x2 
 .text.__libc_init_array
                0x0800233c       0x48 c:/program files (x86)/atollic/truestudio for stm32 9.3.0/armtools/bin/../lib/gcc/arm-atollic-eabi/6.3.1/../../../../arm-atollic-eabi/lib/armv7e-m/fpu\libc_nano.a(lib_a-init.o)
                0x0800233c                __libc_init_array
 .text.memset   0x08002384       0x10 c:/program files (x86)/atollic/truestudio for stm32 9.3.0/armtools/bin/../lib/gcc/arm-atollic-eabi/6.3.1/../../../../arm-atollic-eabi/lib/armv7e-m/fpu\libc_nano.a(lib_a-memset.o)
                0x08002384                memset
 *(.glue_7)
 .glue_7        0x08002394        0x0 linker stubs
 *(.glue_7t)
 .glue_7t       0x08002394        0x0 linker stubs
 *(.eh_frame)
 .eh_frame      0x08002394        0x0 c:/program files (x86)/atollic/truestudio for stm32 9.3.0/armtools/bin/../lib/gcc/arm-atollic-eabi/6.3.1/armv7e-m/fpu/crtbegin.o
 *(.init)
 .init          0x08002394        0x4 c:/program files (x86)/atollic/truestudio for stm32 9.3.0/armtools/bin/../lib/gcc/arm-atollic-eabi/6.3.1/armv7e-m/fpu/crti.o
                0x08002394                _init
 .init          0x08002398        0x8 c:/program files (x86)/atollic/truestudio for stm32 9.3.0/armtools/bin/../lib/gcc/arm-atollic-eabi/6.3.1/armv7e-m/fpu/crtn.o
 *(.fini)
 .fini          0x080023a0        0x4 c:/program files (x86)/atollic/truestudio for stm32 9.3.0/armtools/bin/../lib/gcc/arm-atollic-eabi/6.3.1/armv7e-m/fpu/crti.o
                0x080023a0                _fini
 .fini          0x080023a4        0x8 c:/program files (x86)/atollic/truestudio for stm32 9.3.0/armtools/bin/../lib/gcc/arm-atollic-eabi/6.3.1/armv7e-m/fpu/crtn.o
                0x080023ac                . = ALIGN (0x4)
                0x080023ac                _etext = .

.vfp11_veneer   0x080023ac        0x0
 .vfp11_veneer  0x080023ac        0x0 linker stubs

.v4_bx          0x080023ac        0x0
 .v4_bx         0x080023ac        0x0 linker stubs

.iplt           0x080023ac        0x0
 .iplt          0x080023ac        0x0 c:/program files (x86)/atollic/truestudio for stm32 9.3.0/armtools/bin/../lib/gcc/arm-atollic-eabi/6.3.1/armv7e-m/fpu/crtbegin.o

.rodata         0x080023ac       0x10
                0x080023ac                . = ALIGN (0x4)
 *(.rodata)
 *(.rodata*)
 .rodata.AHBPrescTable
                0x080023ac       0x10 Core\Src\system_stm32f4xx.o
                0x080023ac                AHBPrescTable
                0x080023bc                . = ALIGN (0x4)

.ARM.extab
 *(.ARM.extab* .gnu.linkonce.armextab.*)

.ARM            0x080023bc        0x8
                0x080023bc                __exidx_start = .
 *(.ARM.exidx*)
 .ARM.exidx     0x080023bc        0x8 c:/program files (x86)/atollic/truestudio for stm32 9.3.0/armtools/bin/../lib/gcc/arm-atollic-eabi/6.3.1/armv7e-m/fpu\libgcc.a(_udivmoddi4.o)
                0x080023c4                __exidx_end = .

.rel.dyn        0x080023c4        0x0
 .rel.iplt      0x080023c4        0x0 c:/program files (x86)/atollic/truestudio for stm32 9.3.0/armtools/bin/../lib/gcc/arm-atollic-eabi/6.3.1/armv7e-m/fpu/crtbegin.o

.preinit_array  0x080023c4        0x0
                0x080023c4                PROVIDE (__preinit_array_start, .)
 *(.preinit_array*)
                0x080023c4                PROVIDE (__preinit_array_end, .)

.init_array     0x080023c4        0x4
                0x080023c4                PROVIDE (__init_array_start, .)
 *(SORT(.init_array.*))
 *(.init_array*)
 .init_array    0x080023c4        0x4 c:/program files (x86)/atollic/truestudio for stm32 9.3.0/armtools/bin/../lib/gcc/arm-atollic-eabi/6.3.1/armv7e-m/fpu/crtbegin.o
                0x080023c8                PROVIDE (__init_array_end, .)

.fini_array     0x080023c8        0x4
                [!provide]                PROVIDE (__fini_array_start, .)
 *(SORT(.fini_array.*))
 *(.fini_array*)
 .fini_array    0x080023c8        0x4 c:/program files (x86)/atollic/truestudio for stm32 9.3.0/armtools/bin/../lib/gcc/arm-atollic-eabi/6.3.1/armv7e-m/fpu/crtbegin.o
                [!provide]                PROVIDE (__fini_array_end, .)
                0x080023cc                _sidata = LOADADDR (.data)

.data           0x20000000        0xc load address 0x080023cc
                0x20000000                . = ALIGN (0x4)
                0x20000000                _sdata = .
 *(.data)
 *(.data*)
 .data.SystemCoreClock
                0x20000000        0x4 Core\Src\system_stm32f4xx.o
                0x20000000                SystemCoreClock
 .data.uwTickPrio
                0x20000004        0x4 Drivers\STM32F4xx_HAL_Driver\Src\stm32f4xx_hal.o
                0x20000004                uwTickPrio
 .data.uwTickFreq
                0x20000008        0x1 Drivers\STM32F4xx_HAL_Driver\Src\stm32f4xx_hal.o
                0x20000008                uwTickFreq
                0x2000000c                . = ALIGN (0x4)
 *fill*         0x20000009        0x3 
                0x2000000c                _edata = .

.igot.plt       0x2000000c        0x0 load address 0x080023d8
 .igot.plt      0x2000000c        0x0 c:/program files (x86)/atollic/truestudio for stm32 9.3.0/armtools/bin/../lib/gcc/arm-atollic-eabi/6.3.1/armv7e-m/fpu/crtbegin.o
                0x2000000c                . = ALIGN (0x4)

.bss            0x2000000c       0xa0 load address 0x080023d8
                0x2000000c                _sbss = .
                0x2000000c                __bss_start__ = _sbss
 *(.bss)
 .bss           0x2000000c       0x1c c:/program files (x86)/atollic/truestudio for stm32 9.3.0/armtools/bin/../lib/gcc/arm-atollic-eabi/6.3.1/armv7e-m/fpu/crtbegin.o
 *(.bss*)
 *(COMMON)
 COMMON         0x20000028       0x80 Core\Src\tim.o
                0x20000028                htim4
                0x20000068                htim1
 COMMON         0x200000a8        0x4 Drivers\STM32F4xx_HAL_Driver\Src\stm32f4xx_hal.o
                0x200000a8                uwTick
                0x200000ac                . = ALIGN (0x4)
                0x200000ac                _ebss = .
                0x200000ac                __bss_end__ = _ebss

._user_heap_stack
                0x200000ac      0x600 load address 0x080023d8
                0x200000ac                . = ALIGN (0x4)
                0x200000ac                PROVIDE (end, .)
                [!provide]                PROVIDE (_end, .)
                0x200002ac                . = (. + _Min_Heap_Size)
 *fill*         0x200000ac      0x200 
                0x200006ac                . = (. + _Min_Stack_Size)
 *fill*         0x200002ac      0x400 
                0x200006ac                . = ALIGN (0x4)

/DISCARD/
 libc.a(*)
 libm.a(*)
 libgcc.a(*)

.ARM.attributes
                0x00000000       0x30
 *(.ARM.attributes)
 .ARM.attributes
                0x00000000       0x22 c:/program files (x86)/atollic/truestudio for stm32 9.3.0/armtools/bin/../lib/gcc/arm-atollic-eabi/6.3.1/armv7e-m/fpu/crti.o
 .ARM.attributes
                0x00000022       0x34 c:/program files (x86)/atollic/truestudio for stm32 9.3.0/armtools/bin/../lib/gcc/arm-atollic-eabi/6.3.1/armv7e-m/fpu/crtbegin.o
 .ARM.attributes
                0x00000056       0x39 Core\Src\gpio.o
 .ARM.attributes
                0x0000008f       0x39 Core\Src\main.o
 .ARM.attributes
                0x000000c8       0x39 Core\Src\stm32f4xx_hal_msp.o
 .ARM.attributes
                0x00000101       0x39 Core\Src\stm32f4xx_it.o
 .ARM.attributes
                0x0000013a       0x39 Core\Src\system_stm32f4xx.o
 .ARM.attributes
                0x00000173       0x39 Core\Src\tim.o
 .ARM.attributes
                0x000001ac       0x39 Drivers\STM32F4xx_HAL_Driver\Src\stm32f4xx_hal.o
 .ARM.attributes
                0x000001e5       0x39 Drivers\STM32F4xx_HAL_Driver\Src\stm32f4xx_hal_cortex.o
 .ARM.attributes
                0x0000021e       0x39 Drivers\STM32F4xx_HAL_Driver\Src\stm32f4xx_hal_gpio.o
 .ARM.attributes
                0x00000257       0x39 Drivers\STM32F4xx_HAL_Driver\Src\stm32f4xx_hal_rcc.o
 .ARM.attributes
                0x00000290       0x39 Drivers\STM32F4xx_HAL_Driver\Src\stm32f4xx_hal_rcc_ex.o
 .ARM.attributes
                0x000002c9       0x39 Drivers\STM32F4xx_HAL_Driver\Src\stm32f4xx_hal_tim.o
 .ARM.attributes
                0x00000302       0x39 Drivers\STM32F4xx_HAL_Driver\Src\stm32f4xx_hal_tim_ex.o
 .ARM.attributes
                0x0000033b       0x21 startup\startup_stm32f446xx.o
 .ARM.attributes
                0x0000035c       0x34 c:/program files (x86)/atollic/truestudio for stm32 9.3.0/armtools/bin/../lib/gcc/arm-atollic-eabi/6.3.1/../../../../arm-atollic-eabi/lib/armv7e-m/fpu\libc_nano.a(lib_a-init.o)
 .ARM.attributes
                0x00000390       0x34 c:/program files (x86)/atollic/truestudio for stm32 9.3.0/armtools/bin/../lib/gcc/arm-atollic-eabi/6.3.1/../../../../arm-atollic-eabi/lib/armv7e-m/fpu\libc_nano.a(lib_a-memset.o)
 .ARM.attributes
                0x000003c4       0x22 c:/program files (x86)/atollic/truestudio for stm32 9.3.0/armtools/bin/../lib/gcc/arm-atollic-eabi/6.3.1/armv7e-m/fpu\libgcc.a(_aeabi_uldivmod.o)
 .ARM.attributes
                0x000003e6       0x34 c:/program files (x86)/atollic/truestudio for stm32 9.3.0/armtools/bin/../lib/gcc/arm-atollic-eabi/6.3.1/armv7e-m/fpu\libgcc.a(_udivmoddi4.o)
 .ARM.attributes
                0x0000041a       0x22 c:/program files (x86)/atollic/truestudio for stm32 9.3.0/armtools/bin/../lib/gcc/arm-atollic-eabi/6.3.1/armv7e-m/fpu\libgcc.a(_dvmd_tls.o)
 .ARM.attributes
                0x0000043c       0x22 c:/program files (x86)/atollic/truestudio for stm32 9.3.0/armtools/bin/../lib/gcc/arm-atollic-eabi/6.3.1/armv7e-m/fpu/crtn.o
OUTPUT(Parcktronic.elf elf32-littlearm)

.debug_info     0x00000000     0x90d3
 .debug_info    0x00000000      0x4e1 Core\Src\gpio.o
 .debug_info    0x000004e1      0xbfd Core\Src\main.o
 .debug_info    0x000010de      0x398 Core\Src\stm32f4xx_hal_msp.o
 .debug_info    0x00001476      0x20c Core\Src\stm32f4xx_it.o
 .debug_info    0x00001682      0x58a Core\Src\system_stm32f4xx.o
 .debug_info    0x00001c0c      0xb72 Core\Src\tim.o
 .debug_info    0x0000277e      0x996 Drivers\STM32F4xx_HAL_Driver\Src\stm32f4xx_hal.o
 .debug_info    0x00003114      0xe46 Drivers\STM32F4xx_HAL_Driver\Src\stm32f4xx_hal_cortex.o
 .debug_info    0x00003f5a      0x802 Drivers\STM32F4xx_HAL_Driver\Src\stm32f4xx_hal_gpio.o
 .debug_info    0x0000475c      0x943 Drivers\STM32F4xx_HAL_Driver\Src\stm32f4xx_hal_rcc.o
 .debug_info    0x0000509f      0x9d4 Drivers\STM32F4xx_HAL_Driver\Src\stm32f4xx_hal_rcc_ex.o
 .debug_info    0x00005a73     0x24a4 Drivers\STM32F4xx_HAL_Driver\Src\stm32f4xx_hal_tim.o
 .debug_info    0x00007f17     0x1153 Drivers\STM32F4xx_HAL_Driver\Src\stm32f4xx_hal_tim_ex.o
 .debug_info    0x0000906a       0x69 startup\startup_stm32f446xx.o

.debug_abbrev   0x00000000     0x1694
 .debug_abbrev  0x00000000      0x12f Core\Src\gpio.o
 .debug_abbrev  0x0000012f      0x1f9 Core\Src\main.o
 .debug_abbrev  0x00000328      0x104 Core\Src\stm32f4xx_hal_msp.o
 .debug_abbrev  0x0000042c       0xc1 Core\Src\stm32f4xx_it.o
 .debug_abbrev  0x000004ed      0x126 Core\Src\system_stm32f4xx.o
 .debug_abbrev  0x00000613      0x1bd Core\Src\tim.o
 .debug_abbrev  0x000007d0      0x1c2 Drivers\STM32F4xx_HAL_Driver\Src\stm32f4xx_hal.o
 .debug_abbrev  0x00000992      0x2f5 Drivers\STM32F4xx_HAL_Driver\Src\stm32f4xx_hal_cortex.o
 .debug_abbrev  0x00000c87      0x1c4 Drivers\STM32F4xx_HAL_Driver\Src\stm32f4xx_hal_gpio.o
 .debug_abbrev  0x00000e4b      0x240 Drivers\STM32F4xx_HAL_Driver\Src\stm32f4xx_hal_rcc.o
 .debug_abbrev  0x0000108b      0x1b7 Drivers\STM32F4xx_HAL_Driver\Src\stm32f4xx_hal_rcc_ex.o
 .debug_abbrev  0x00001242      0x229 Drivers\STM32F4xx_HAL_Driver\Src\stm32f4xx_hal_tim.o
 .debug_abbrev  0x0000146b      0x217 Drivers\STM32F4xx_HAL_Driver\Src\stm32f4xx_hal_tim_ex.o
 .debug_abbrev  0x00001682       0x12 startup\startup_stm32f446xx.o

.debug_aranges  0x00000000      0x9d8
 .debug_aranges
                0x00000000       0x20 Core\Src\gpio.o
 .debug_aranges
                0x00000020       0x48 Core\Src\main.o
 .debug_aranges
                0x00000068       0x20 Core\Src\stm32f4xx_hal_msp.o
 .debug_aranges
                0x00000088       0x60 Core\Src\stm32f4xx_it.o
 .debug_aranges
                0x000000e8       0x28 Core\Src\system_stm32f4xx.o
 .debug_aranges
                0x00000110       0x48 Core\Src\tim.o
 .debug_aranges
                0x00000158       0xf0 Drivers\STM32F4xx_HAL_Driver\Src\stm32f4xx_hal.o
 .debug_aranges
                0x00000248      0x118 Drivers\STM32F4xx_HAL_Driver\Src\stm32f4xx_hal_cortex.o
 .debug_aranges
                0x00000360       0x58 Drivers\STM32F4xx_HAL_Driver\Src\stm32f4xx_hal_gpio.o
 .debug_aranges
                0x000003b8       0x88 Drivers\STM32F4xx_HAL_Driver\Src\stm32f4xx_hal_rcc.o
 .debug_aranges
                0x00000440       0x78 Drivers\STM32F4xx_HAL_Driver\Src\stm32f4xx_hal_rcc_ex.o
 .debug_aranges
                0x000004b8      0x3a8 Drivers\STM32F4xx_HAL_Driver\Src\stm32f4xx_hal_tim.o
 .debug_aranges
                0x00000860      0x150 Drivers\STM32F4xx_HAL_Driver\Src\stm32f4xx_hal_tim_ex.o
 .debug_aranges
                0x000009b0       0x28 startup\startup_stm32f446xx.o

.debug_ranges   0x00000000      0x900
 .debug_ranges  0x00000000       0x10 Core\Src\gpio.o
 .debug_ranges  0x00000010       0x38 Core\Src\main.o
 .debug_ranges  0x00000048       0x10 Core\Src\stm32f4xx_hal_msp.o
 .debug_ranges  0x00000058       0x50 Core\Src\stm32f4xx_it.o
 .debug_ranges  0x000000a8       0x18 Core\Src\system_stm32f4xx.o
 .debug_ranges  0x000000c0       0x38 Core\Src\tim.o
 .debug_ranges  0x000000f8       0xe0 Drivers\STM32F4xx_HAL_Driver\Src\stm32f4xx_hal.o
 .debug_ranges  0x000001d8      0x108 Drivers\STM32F4xx_HAL_Driver\Src\stm32f4xx_hal_cortex.o
 .debug_ranges  0x000002e0       0x48 Drivers\STM32F4xx_HAL_Driver\Src\stm32f4xx_hal_gpio.o
 .debug_ranges  0x00000328       0x78 Drivers\STM32F4xx_HAL_Driver\Src\stm32f4xx_hal_rcc.o
 .debug_ranges  0x000003a0       0x68 Drivers\STM32F4xx_HAL_Driver\Src\stm32f4xx_hal_rcc_ex.o
 .debug_ranges  0x00000408      0x398 Drivers\STM32F4xx_HAL_Driver\Src\stm32f4xx_hal_tim.o
 .debug_ranges  0x000007a0      0x140 Drivers\STM32F4xx_HAL_Driver\Src\stm32f4xx_hal_tim_ex.o
 .debug_ranges  0x000008e0       0x20 startup\startup_stm32f446xx.o

.debug_line     0x00000000     0x44b9
 .debug_line    0x00000000      0x1fc Core\Src\gpio.o
 .debug_line    0x000001fc      0x33f Core\Src\main.o
 .debug_line    0x0000053b      0x1ea Core\Src\stm32f4xx_hal_msp.o
 .debug_line    0x00000725      0x26f Core\Src\stm32f4xx_it.o
 .debug_line    0x00000994      0x20f Core\Src\system_stm32f4xx.o
 .debug_line    0x00000ba3      0x2dc Core\Src\tim.o
 .debug_line    0x00000e7f      0x41f Drivers\STM32F4xx_HAL_Driver\Src\stm32f4xx_hal.o
 .debug_line    0x0000129e      0x553 Drivers\STM32F4xx_HAL_Driver\Src\stm32f4xx_hal_cortex.o
 .debug_line    0x000017f1      0x402 Drivers\STM32F4xx_HAL_Driver\Src\stm32f4xx_hal_gpio.o
 .debug_line    0x00001bf3      0x4c0 Drivers\STM32F4xx_HAL_Driver\Src\stm32f4xx_hal_rcc.o
 .debug_line    0x000020b3      0x645 Drivers\STM32F4xx_HAL_Driver\Src\stm32f4xx_hal_rcc_ex.o
 .debug_line    0x000026f8     0x14c6 Drivers\STM32F4xx_HAL_Driver\Src\stm32f4xx_hal_tim.o
 .debug_line    0x00003bbe      0x87d Drivers\STM32F4xx_HAL_Driver\Src\stm32f4xx_hal_tim_ex.o
 .debug_line    0x0000443b       0x7e startup\startup_stm32f446xx.o

.debug_str      0x00000000     0x3204
 .debug_str     0x00000000      0x3f7 Core\Src\gpio.o
                                0x457 (size before relaxing)
 .debug_str     0x000003f7      0x629 Core\Src\main.o
                                0xa62 (size before relaxing)
 .debug_str     0x00000a20       0x2c Core\Src\stm32f4xx_hal_msp.o
                                0x3c6 (size before relaxing)
 .debug_str     0x00000a4c       0xab Core\Src\stm32f4xx_it.o
                                0x31d (size before relaxing)
 .debug_str     0x00000af7       0xaf Core\Src\system_stm32f4xx.o
                                0x442 (size before relaxing)
 .debug_str     0x00000ba6      0x162 Core\Src\tim.o
                                0x9f5 (size before relaxing)
 .debug_str     0x00000d08      0x7da Drivers\STM32F4xx_HAL_Driver\Src\stm32f4xx_hal.o
                                0xbd0 (size before relaxing)
 .debug_str     0x000014e2      0x49e Drivers\STM32F4xx_HAL_Driver\Src\stm32f4xx_hal_cortex.o
                                0xd2f (size before relaxing)
 .debug_str     0x00001980      0x158 Drivers\STM32F4xx_HAL_Driver\Src\stm32f4xx_hal_gpio.o
                                0x5d9 (size before relaxing)
 .debug_str     0x00001ad8      0x1b9 Drivers\STM32F4xx_HAL_Driver\Src\stm32f4xx_hal_rcc.o
                                0x795 (size before relaxing)
 .debug_str     0x00001c91      0x347 Drivers\STM32F4xx_HAL_Driver\Src\stm32f4xx_hal_rcc_ex.o
                                0x89b (size before relaxing)
 .debug_str     0x00001fd8      0xcfd Drivers\STM32F4xx_HAL_Driver\Src\stm32f4xx_hal_tim.o
                               0x153e (size before relaxing)
 .debug_str     0x00002cd5      0x52f Drivers\STM32F4xx_HAL_Driver\Src\stm32f4xx_hal_tim_ex.o
                                0xd3e (size before relaxing)

.comment        0x00000000       0x7c
 .comment       0x00000000       0x7c Core\Src\gpio.o
                                 0x7d (size before relaxing)
 .comment       0x0000007c       0x7d Core\Src\main.o
 .comment       0x0000007c       0x7d Core\Src\stm32f4xx_hal_msp.o
 .comment       0x0000007c       0x7d Core\Src\stm32f4xx_it.o
 .comment       0x0000007c       0x7d Core\Src\system_stm32f4xx.o
 .comment       0x0000007c       0x7d Core\Src\tim.o
 .comment       0x0000007c       0x7d Drivers\STM32F4xx_HAL_Driver\Src\stm32f4xx_hal.o
 .comment       0x0000007c       0x7d Drivers\STM32F4xx_HAL_Driver\Src\stm32f4xx_hal_cortex.o
 .comment       0x0000007c       0x7d Drivers\STM32F4xx_HAL_Driver\Src\stm32f4xx_hal_gpio.o
 .comment       0x0000007c       0x7d Drivers\STM32F4xx_HAL_Driver\Src\stm32f4xx_hal_rcc.o
 .comment       0x0000007c       0x7d Drivers\STM32F4xx_HAL_Driver\Src\stm32f4xx_hal_rcc_ex.o
 .comment       0x0000007c       0x7d Drivers\STM32F4xx_HAL_Driver\Src\stm32f4xx_hal_tim.o
 .comment       0x0000007c       0x7d Drivers\STM32F4xx_HAL_Driver\Src\stm32f4xx_hal_tim_ex.o

.debug_frame    0x00000000     0x2820
 .debug_frame   0x00000000       0x34 Core\Src\gpio.o
 .debug_frame   0x00000034       0xd4 Core\Src\main.o
 .debug_frame   0x00000108       0x38 Core\Src\stm32f4xx_hal_msp.o
 .debug_frame   0x00000140      0x104 Core\Src\stm32f4xx_it.o
 .debug_frame   0x00000244       0x58 Core\Src\system_stm32f4xx.o
 .debug_frame   0x0000029c       0xf0 Core\Src\tim.o
 .debug_frame   0x0000038c      0x374 Drivers\STM32F4xx_HAL_Driver\Src\stm32f4xx_hal.o
 .debug_frame   0x00000700      0x498 Drivers\STM32F4xx_HAL_Driver\Src\stm32f4xx_hal_cortex.o
 .debug_frame   0x00000b98      0x14c Drivers\STM32F4xx_HAL_Driver\Src\stm32f4xx_hal_gpio.o
 .debug_frame   0x00000ce4      0x1f8 Drivers\STM32F4xx_HAL_Driver\Src\stm32f4xx_hal_rcc.o
 .debug_frame   0x00000edc      0x1e8 Drivers\STM32F4xx_HAL_Driver\Src\stm32f4xx_hal_rcc_ex.o
 .debug_frame   0x000010c4     0x10f0 Drivers\STM32F4xx_HAL_Driver\Src\stm32f4xx_hal_tim.o
 .debug_frame   0x000021b4      0x5c0 Drivers\STM32F4xx_HAL_Driver\Src\stm32f4xx_hal_tim_ex.o
 .debug_frame   0x00002774       0x2c c:/program files (x86)/atollic/truestudio for stm32 9.3.0/armtools/bin/../lib/gcc/arm-atollic-eabi/6.3.1/../../../../arm-atollic-eabi/lib/armv7e-m/fpu\libc_nano.a(lib_a-init.o)
 .debug_frame   0x000027a0       0x20 c:/program files (x86)/atollic/truestudio for stm32 9.3.0/armtools/bin/../lib/gcc/arm-atollic-eabi/6.3.1/../../../../arm-atollic-eabi/lib/armv7e-m/fpu\libc_nano.a(lib_a-memset.o)
 .debug_frame   0x000027c0       0x2c c:/program files (x86)/atollic/truestudio for stm32 9.3.0/armtools/bin/../lib/gcc/arm-atollic-eabi/6.3.1/armv7e-m/fpu\libgcc.a(_aeabi_uldivmod.o)
 .debug_frame   0x000027ec       0x34 c:/program files (x86)/atollic/truestudio for stm32 9.3.0/armtools/bin/../lib/gcc/arm-atollic-eabi/6.3.1/armv7e-m/fpu\libgcc.a(_udivmoddi4.o)
